[root@localhost learn]# ls
boost.org    cpp      cpp.org~	 emacs.org~  qt      qt.org~	 system.org~
config.h.in  cpp.org  emacs.org  git.org     qt.org  system.org
[root@localhost learn]# cd /home/work
[root@localhost work]# ls
cpp  dynamic_git  lib_base  public  qt	qt_hello_world	source	temp  work.org
[root@localhost work]# cd dynamic_git/
[root@localhost dynamic_git]# ls
public
[root@localhost dynamic_git]# cd ..
[root@localhost work]# ls
cpp  dynamic_git  lib_base  public  qt	qt_hello_world	source	temp  work.org
[root@localhost work]# cd dynamic_git/
[root@localhost dynamic_git]# ls
public
[root@localhost dynamic_git]# ls public
bin  common  lib_base
[root@localhost dynamic_git]# ls
public
[root@localhost dynamic_git]# ls
public
[root@localhost dynamic_git]# cd public/
[root@localhost public]# ls
bin  common  lib_base
[root@localhost public]# cd lib_base/
[root@localhost lib_base]# ls
bin  cpcm.sh  lib_sy_base  lib_sy_net  lib_sy_pt
[root@localhost lib_base]# ./cpcm.sh 
/home/work/dynamic_git/public/lib_base/lib_sy_base/../../common/inc/lib_sy_base/crc32.h
/home/work/dynamic_git/public/lib_base/lib_sy_base/../../common/inc/lib_sy_base/my_tools.h
/home/work/dynamic_git/public/lib_base/lib_sy_base/../../common/inc/lib_sy_base/s_map.h
/home/work/dynamic_git/public/lib_base/lib_sy_base/../../common/inc/lib_sy_base/s_list.h
/home/work/dynamic_git/public/lib_base/lib_sy_base/../../common/inc/lib_sy_base/singleton.h
/home/work/dynamic_git/public/lib_base/lib_sy_base/../../common/inc/lib_sy_base/auto_lock.h
/home/work/dynamic_git/public/lib_base/lib_sy_base/../../common/inc/lib_sy_base/s_deque.h
/home/work/dynamic_git/public/lib_base/lib_sy_base/../../common/inc/lib_sy_base/Imy_observer.h
/home/work/dynamic_git/public/lib_base/lib_sy_base/../../common/inc/lib_sy_base/Itask_manager.h
/home/work/dynamic_git/public/lib_base/lib_sy_base/../../common/inc/lib_sy_base/sy_base_def.h
/home/work/dynamic_git/public/lib_base/lib_sy_base/../../common/inc/lib_sy_base/sy_log.h
/home/work/dynamic_git/public/lib_base/lib_sy_base/../../common/inc/sy_base.h
/home/work/dynamic_git/public/lib_base/lib_sy_base/../../common/inc/lib_sy_base/sy_base_def.h
/home/work/dynamic_git/public/lib_base/lib_sy_base/../../common/lib64/lib_sy_base.a
/home/work/dynamic_git/public/lib_base/lib_sy_pt/../../common/inc/lib_sy_pt.h
/home/work/dynamic_git/public/lib_base/lib_sy_pt/../../common/inc/lib_sy_pt/sy_pt_def.h
/home/work/dynamic_git/public/lib_base/lib_sy_pt/../../common/inc/lib_sy_pt/Imediate.h
/home/work/dynamic_git/public/lib_base/lib_sy_pt/../../common/inc/lib_sy_pt/signal_factory.h
/home/work/dynamic_git/public/lib_base/lib_sy_pt/../../common/inc/lib_sy_pt/msg_heart_beat.h
/home/work/dynamic_git/public/lib_base/lib_sy_pt/../../common/inc/lib_sy_pt/msg_user.h
/home/work/dynamic_git/public/lib_base/lib_sy_pt/../../common/inc/lib_sy_pt/signal_ack_base.h
/home/work/dynamic_git/public/lib_base/lib_sy_pt/../../common/inc/lib_sy_pt/signal_base.h
/home/work/dynamic_git/public/lib_base/lib_sy_pt/../../common/inc/lib_sy_pt/signal_file_2.h
/home/work/dynamic_git/public/lib_base/lib_sy_pt/../../common/inc/lib_sy_pt/signal_group.h
/home/work/dynamic_git/public/lib_base/lib_sy_pt/../../common/inc/lib_sy_pt/signal_group_rev.h
/home/work/dynamic_git/public/lib_base/lib_sy_pt/../../common/inc/lib_sy_pt/signal_heart_beat.h
/home/work/dynamic_git/public/lib_base/lib_sy_pt/../../common/inc/lib_sy_pt/signal_point.h
/home/work/dynamic_git/public/lib_base/lib_sy_pt/../../common/inc/lib_sy_pt/signal_point_r.h
/home/work/dynamic_git/public/lib_base/lib_sy_pt/../../common/inc/lib_sy_pt/signal_register.h
/home/work/dynamic_git/public/lib_base/lib_sy_pt/../../common/inc/lib_sy_pt/signal_user_define.h
/home/work/dynamic_git/public/lib_base/lib_sy_pt/../../common/inc/lib_sy_pt/signal_system_log.h
/home/work/dynamic_git/public/lib_base/lib_sy_pt/../../common/lib64/lib_sy_pt.a
[root@localhost lib_base]# ls
bin  cpcm.sh  lib_sy_base  lib_sy_net  lib_sy_pt
[root@localhost lib_base]# cd ..
[root@localhost public]# ls
bin  common  lib_base
[root@localhost public]# cd common/
[root@localhost common]# ls
inc  lib  lib64  lib_boost
[root@localhost common]# mkdir dll
[root@localhost common]# ls
dll  inc  lib  lib64  lib_boost
[root@localhost common]# cd -
/home/work/dynamic_git/public
[root@localhost public]# ls
bin  common  lib_base
[root@localhost public]# cd lib_base/
[root@localhost lib_base]# ls
bin  cpcm.sh  lib_sy_base  lib_sy_net  lib_sy_pt
[root@localhost lib_base]# ls
bin  cpcm.sh  lib_sy_base  lib_sy_net  lib_sy_pt
[root@localhost lib_base]# ./cpcm.sh
/home/work/dynamic_git/public/lib_base/lib_sy_base/../../common/inc/lib_sy_base/crc32.h
/home/work/dynamic_git/public/lib_base/lib_sy_base/../../common/inc/lib_sy_base/my_tools.h
/home/work/dynamic_git/public/lib_base/lib_sy_base/../../common/inc/lib_sy_base/s_map.h
/home/work/dynamic_git/public/lib_base/lib_sy_base/../../common/inc/lib_sy_base/s_list.h
/home/work/dynamic_git/public/lib_base/lib_sy_base/../../common/inc/lib_sy_base/singleton.h
/home/work/dynamic_git/public/lib_base/lib_sy_base/../../common/inc/lib_sy_base/auto_lock.h
/home/work/dynamic_git/public/lib_base/lib_sy_base/../../common/inc/lib_sy_base/s_deque.h
/home/work/dynamic_git/public/lib_base/lib_sy_base/../../common/inc/lib_sy_base/Imy_observer.h
/home/work/dynamic_git/public/lib_base/lib_sy_base/../../common/inc/lib_sy_base/Itask_manager.h
/home/work/dynamic_git/public/lib_base/lib_sy_base/../../common/inc/lib_sy_base/sy_base_def.h
/home/work/dynamic_git/public/lib_base/lib_sy_base/../../common/inc/lib_sy_base/sy_log.h
/home/work/dynamic_git/public/lib_base/lib_sy_base/../../common/inc/sy_base.h
/home/work/dynamic_git/public/lib_base/lib_sy_base/../../common/inc/lib_sy_base/sy_base_def.h
/home/work/dynamic_git/public/lib_base/lib_sy_base/../../common/lib64/lib_sy_base.a
/home/work/dynamic_git/public/lib_base/lib_sy_pt/../../common/inc/lib_sy_pt.h
/home/work/dynamic_git/public/lib_base/lib_sy_pt/../../common/inc/lib_sy_pt/sy_pt_def.h
/home/work/dynamic_git/public/lib_base/lib_sy_pt/../../common/inc/lib_sy_pt/Imediate.h
/home/work/dynamic_git/public/lib_base/lib_sy_pt/../../common/inc/lib_sy_pt/signal_factory.h
/home/work/dynamic_git/public/lib_base/lib_sy_pt/../../common/inc/lib_sy_pt/msg_heart_beat.h
/home/work/dynamic_git/public/lib_base/lib_sy_pt/../../common/inc/lib_sy_pt/msg_user.h
/home/work/dynamic_git/public/lib_base/lib_sy_pt/../../common/inc/lib_sy_pt/signal_ack_base.h
/home/work/dynamic_git/public/lib_base/lib_sy_pt/../../common/inc/lib_sy_pt/signal_base.h
/home/work/dynamic_git/public/lib_base/lib_sy_pt/../../common/inc/lib_sy_pt/signal_file_2.h
/home/work/dynamic_git/public/lib_base/lib_sy_pt/../../common/inc/lib_sy_pt/signal_group.h
/home/work/dynamic_git/public/lib_base/lib_sy_pt/../../common/inc/lib_sy_pt/signal_group_rev.h
/home/work/dynamic_git/public/lib_base/lib_sy_pt/../../common/inc/lib_sy_pt/signal_heart_beat.h
/home/work/dynamic_git/public/lib_base/lib_sy_pt/../../common/inc/lib_sy_pt/signal_point.h
/home/work/dynamic_git/public/lib_base/lib_sy_pt/../../common/inc/lib_sy_pt/signal_point_r.h
/home/work/dynamic_git/public/lib_base/lib_sy_pt/../../common/inc/lib_sy_pt/signal_register.h
/home/work/dynamic_git/public/lib_base/lib_sy_pt/../../common/inc/lib_sy_pt/signal_user_define.h
/home/work/dynamic_git/public/lib_base/lib_sy_pt/../../common/inc/lib_sy_pt/signal_system_log.h
/home/work/dynamic_git/public/lib_base/lib_sy_pt/../../common/lib64/lib_sy_pt.a
/home/work/dynamic_git/public/lib_base/lib_sy_net/../../common/dll/lib_sy_net.so
[root@localhost lib_base]# ls
bin  cpcm.sh  lib_sy_base  lib_sy_net  lib_sy_pt
[root@localhost lib_base]# ls
bin						     lib_sy_base  test_client
build-test_client-Desktop_Qt_5_10_1_GCC_64bit-Debug  lib_sy_net
cpcm.sh						     lib_sy_pt
[root@localhost lib_base]# ./cpcm.sh 
/home/work/dynamic_git/public/lib_base/lib_sy_base/../../common/inc/lib_sy_base/crc32.h
/home/work/dynamic_git/public/lib_base/lib_sy_base/../../common/inc/lib_sy_base/my_tools.h
/home/work/dynamic_git/public/lib_base/lib_sy_base/../../common/inc/lib_sy_base/s_map.h
/home/work/dynamic_git/public/lib_base/lib_sy_base/../../common/inc/lib_sy_base/s_list.h
/home/work/dynamic_git/public/lib_base/lib_sy_base/../../common/inc/lib_sy_base/singleton.h
/home/work/dynamic_git/public/lib_base/lib_sy_base/../../common/inc/lib_sy_base/auto_lock.h
/home/work/dynamic_git/public/lib_base/lib_sy_base/../../common/inc/lib_sy_base/s_deque.h
/home/work/dynamic_git/public/lib_base/lib_sy_base/../../common/inc/lib_sy_base/Imy_observer.h
/home/work/dynamic_git/public/lib_base/lib_sy_base/../../common/inc/lib_sy_base/Itask_manager.h
/home/work/dynamic_git/public/lib_base/lib_sy_base/../../common/inc/lib_sy_base/sy_base_def.h
/home/work/dynamic_git/public/lib_base/lib_sy_base/../../common/inc/lib_sy_base/sy_log.h
/home/work/dynamic_git/public/lib_base/lib_sy_base/../../common/inc/sy_base.h
/home/work/dynamic_git/public/lib_base/lib_sy_base/../../common/inc/lib_sy_base/sy_base_def.h
/home/work/dynamic_git/public/lib_base/lib_sy_base/../../common/lib64/lib_sy_base.a
/home/work/dynamic_git/public/lib_base/lib_sy_pt/../../common/inc/lib_sy_pt.h
/home/work/dynamic_git/public/lib_base/lib_sy_pt/../../common/inc/lib_sy_pt/sy_pt_def.h
/home/work/dynamic_git/public/lib_base/lib_sy_pt/../../common/inc/lib_sy_pt/Imediate.h
/home/work/dynamic_git/public/lib_base/lib_sy_pt/../../common/inc/lib_sy_pt/signal_factory.h
/home/work/dynamic_git/public/lib_base/lib_sy_pt/../../common/inc/lib_sy_pt/msg_heart_beat.h
/home/work/dynamic_git/public/lib_base/lib_sy_pt/../../common/inc/lib_sy_pt/msg_user.h
/home/work/dynamic_git/public/lib_base/lib_sy_pt/../../common/inc/lib_sy_pt/signal_ack_base.h
/home/work/dynamic_git/public/lib_base/lib_sy_pt/../../common/inc/lib_sy_pt/signal_base.h
/home/work/dynamic_git/public/lib_base/lib_sy_pt/../../common/inc/lib_sy_pt/signal_file_2.h
/home/work/dynamic_git/public/lib_base/lib_sy_pt/../../common/inc/lib_sy_pt/signal_group.h
/home/work/dynamic_git/public/lib_base/lib_sy_pt/../../common/inc/lib_sy_pt/signal_group_rev.h
/home/work/dynamic_git/public/lib_base/lib_sy_pt/../../common/inc/lib_sy_pt/signal_heart_beat.h
/home/work/dynamic_git/public/lib_base/lib_sy_pt/../../common/inc/lib_sy_pt/signal_point.h
/home/work/dynamic_git/public/lib_base/lib_sy_pt/../../common/inc/lib_sy_pt/signal_point_r.h
/home/work/dynamic_git/public/lib_base/lib_sy_pt/../../common/inc/lib_sy_pt/signal_register.h
/home/work/dynamic_git/public/lib_base/lib_sy_pt/../../common/inc/lib_sy_pt/signal_user_define.h
/home/work/dynamic_git/public/lib_base/lib_sy_pt/../../common/inc/lib_sy_pt/signal_system_log.h
/home/work/dynamic_git/public/lib_base/lib_sy_pt/../../common/lib64/lib_sy_pt.a
/home/work/dynamic_git/public/lib_base/lib_sy_net/../../common/dll/lib_sy_net.so
[root@localhost lib_base]# ls
bin						     lib_sy_base  test_client
build-test_client-Desktop_Qt_5_10_1_GCC_64bit-Debug  lib_sy_net
cpcm.sh						     lib_sy_pt
[root@localhost lib_base]# cd bin
[root@localhost bin]# ls
lib_sy_base
[root@localhost bin]# cd lib_sy_base/
[root@localhost lib_sy_base]# ls
auto_lock.o	Itask_manager.o      liblib_sy_base.so.1.0    my_tools.o
crc32.o		liblib_sy_base.so    liblib_sy_base.so.1.0.0
Imy_observer.o	liblib_sy_base.so.1  Makefile
[root@localhost lib_sy_base]# make
g++ -c -pipe -g -Wall -W -D_REENTRANT -fPIC -DLIB_SY_BASE_LIBRARY -DQT_DEPRECATED_WARNINGS -DQT_QML_DEBUG -I../../lib_sy_base -I. -I../../../common/inc -I/opt/Qt/5.10.1/gcc_64/mkspecs/linux-g++ -o my_tools.o ../../lib_sy_base/lib_sy_base/my_tools.cpp
In file included from ../../../common/inc/boost/locale.hpp:22:0,
                 from ../../lib_sy_base/lib_sy_base/my_tools.cpp:7:
../../../common/inc/boost/locale/localization_backend.hpp:109:18: warning: ‘template<class> class std::auto_ptr’ is deprecated [-Wdeprecated-declarations]
             std::auto_ptr<localization_backend> get() const;
                  ^~~~~~~~
In file included from /usr/local/include/c++/6.1.0/bits/locale_conv.h:41:0,
                 from /usr/local/include/c++/6.1.0/locale:43,
                 from ../../lib_sy_base/lib_sy_base/my_tools.cpp:3:
/usr/local/include/c++/6.1.0/bits/unique_ptr.h:49:28: note: declared here
   template<typename> class auto_ptr;
                            ^~~~~~~~
In file included from ../../../common/inc/boost/locale.hpp:22:0,
                 from ../../lib_sy_base/lib_sy_base/my_tools.cpp:7:
../../../common/inc/boost/locale/localization_backend.hpp:116:59: warning: ‘template<class> class std::auto_ptr’ is deprecated [-Wdeprecated-declarations]
             void add_backend(std::string const &name,std::auto_ptr<localization_backend> backend);
                                                           ^~~~~~~~
In file included from /usr/local/include/c++/6.1.0/bits/locale_conv.h:41:0,
                 from /usr/local/include/c++/6.1.0/locale:43,
                 from ../../lib_sy_base/lib_sy_base/my_tools.cpp:3:
/usr/local/include/c++/6.1.0/bits/unique_ptr.h:49:28: note: declared here
   template<typename> class auto_ptr;
                            ^~~~~~~~
In file included from ../../../common/inc/boost/locale.hpp:24:0,
                 from ../../lib_sy_base/lib_sy_base/my_tools.cpp:7:
../../../common/inc/boost/locale/util.hpp:180:28: warning: ‘template<class> class std::auto_ptr’ is deprecated [-Wdeprecated-declarations]
     BOOST_LOCALE_DECL std::auto_ptr<base_converter> create_utf8_converter();
                            ^~~~~~~~
In file included from /usr/local/include/c++/6.1.0/bits/locale_conv.h:41:0,
                 from /usr/local/include/c++/6.1.0/locale:43,
                 from ../../lib_sy_base/lib_sy_base/my_tools.cpp:3:
/usr/local/include/c++/6.1.0/bits/unique_ptr.h:49:28: note: declared here
   template<typename> class auto_ptr;
                            ^~~~~~~~
In file included from ../../../common/inc/boost/locale.hpp:24:0,
                 from ../../lib_sy_base/lib_sy_base/my_tools.cpp:7:
../../../common/inc/boost/locale/util.hpp:188:28: warning: ‘template<class> class std::auto_ptr’ is deprecated [-Wdeprecated-declarations]
     BOOST_LOCALE_DECL std::auto_ptr<base_converter> create_simple_converter(std::string const &encoding);
                            ^~~~~~~~
In file included from /usr/local/include/c++/6.1.0/bits/locale_conv.h:41:0,
                 from /usr/local/include/c++/6.1.0/locale:43,
                 from ../../lib_sy_base/lib_sy_base/my_tools.cpp:3:
/usr/local/include/c++/6.1.0/bits/unique_ptr.h:49:28: note: declared here
   template<typename> class auto_ptr;
                            ^~~~~~~~
In file included from ../../../common/inc/boost/locale.hpp:24:0,
                 from ../../lib_sy_base/lib_sy_base/my_tools.cpp:7:
../../../common/inc/boost/locale/util.hpp:203:59: warning: ‘template<class> class std::auto_ptr’ is deprecated [-Wdeprecated-declarations]
     std::locale create_codecvt(std::locale const &in,std::auto_ptr<base_converter> cvt,character_facet_type type);
                                                           ^~~~~~~~
In file included from /usr/local/include/c++/6.1.0/bits/locale_conv.h:41:0,
                 from /usr/local/include/c++/6.1.0/locale:43,
                 from ../../lib_sy_base/lib_sy_base/my_tools.cpp:3:
/usr/local/include/c++/6.1.0/bits/unique_ptr.h:49:28: note: declared here
   template<typename> class auto_ptr;
                            ^~~~~~~~
../../lib_sy_base/lib_sy_base/my_tools.cpp: In static member function ‘static std::__cxx11::string sy::base::my_tools::int64_to_string_time(const long long int&, std::__cxx11::string, std::__cxx11::string)’:
../../lib_sy_base/lib_sy_base/my_tools.cpp:50:67: warning: unused parameter ‘itm’ [-Wunused-parameter]
         std::string my_tools::int64_to_string_time(const __int64& itm, std::string decollator_hour, std::string decolator_min)
                                                                   ^~~
../../lib_sy_base/lib_sy_base/my_tools.cpp:50:84: warning: unused parameter ‘decollator_hour’ [-Wunused-parameter]
 ::string my_tools::int64_to_string_time(const __int64& itm, std::string decollator_hour, std::string decolator_min)
                                                                         ^~~~~~~~~~~~~~~
../../lib_sy_base/lib_sy_base/my_tools.cpp:50:113: warning: unused parameter ‘decolator_min’ [-Wunused-parameter]
 tring_time(const __int64& itm, std::string decollator_hour, std::string decolator_min)
                                                                         ^~~~~~~~~~~~~
../../lib_sy_base/lib_sy_base/my_tools.cpp: In static member function ‘static void sy::base::my_tools::str2hex(char*, const string&, char)’:
../../lib_sy_base/lib_sy_base/my_tools.cpp:161:55: warning: format ‘%x’ expects argument of type ‘unsigned int*’, but argument 3 has type ‘char*’ [-Wformat=]
                 sscanf(buf.c_str(), "%x", &(dest[i++]));
                                                       ^
rm -f liblib_sy_base.so.1.0.0 liblib_sy_base.so liblib_sy_base.so.1 liblib_sy_base.so.1.0
g++ -shared -Wl,-soname,liblib_sy_base.so.1 -o liblib_sy_base.so.1.0.0 crc32.o my_tools.o auto_lock.o Itask_manager.o Imy_observer.o  -lpthread  
ln -s liblib_sy_base.so.1.0.0 liblib_sy_base.so
ln -s liblib_sy_base.so.1.0.0 liblib_sy_base.so.1
ln -s liblib_sy_base.so.1.0.0 liblib_sy_base.so.1.0
[root@localhost lib_sy_base]# ls
auto_lock.o	Itask_manager.o      liblib_sy_base.so.1.0    my_tools.o
crc32.o		liblib_sy_base.so    liblib_sy_base.so.1.0.0
Imy_observer.o	liblib_sy_base.so.1  Makefile
[root@localhost lib_sy_base]# cd ..
[root@localhost bin]# ls
lib_sy_base
[root@localhost bin]# cd ..
[root@localhost lib_base]# ls
bin						     lib_sy_base  test_client
build-test_client-Desktop_Qt_5_10_1_GCC_64bit-Debug  lib_sy_net
cpcm.sh						     lib_sy_pt
[root@localhost lib_base]# cd lib_sy_base/
[root@localhost lib_sy_base]# ls
cp2common.py   lib_sy_base.cpp	     lib_sy_base.pro
cp2common.py~  lib_sy_base_global.h  lib_sy_base.pro.user
lib_sy_base    lib_sy_base.h	     sy_base.h
[root@localhost lib_sy_base]# cd ..
[root@localhost lib_base]# ls
bin						     lib_sy_base  test_client
build-test_client-Desktop_Qt_5_10_1_GCC_64bit-Debug  lib_sy_net
cpcm.sh						     lib_sy_pt
[root@localhost lib_base]# ls
bin						     lib_sy_base  test_client
build-test_client-Desktop_Qt_5_10_1_GCC_64bit-Debug  lib_sy_net
cpcm.sh						     lib_sy_pt
[root@localhost lib_base]# cd bin
[root@localhost bin]# ls
lib_sy_base
[root@localhost bin]# ls
lib_sy_base
[root@localhost bin]# ls lib_sy_base/
auto_lock.o	Itask_manager.o      liblib_sy_base.so.1.0    my_tools.o
crc32.o		liblib_sy_base.so    liblib_sy_base.so.1.0.0
Imy_observer.o	liblib_sy_base.so.1  Makefile
[root@localhost bin]# cd ..
[root@localhost lib_base]# ls
bin						     lib_sy_base  test_client
build-test_client-Desktop_Qt_5_10_1_GCC_64bit-Debug  lib_sy_net
cpcm.sh						     lib_sy_pt
[root@localhost lib_base]# ls
bin						     lib_sy_base  test_client
build-test_client-Desktop_Qt_5_10_1_GCC_64bit-Debug  lib_sy_net
cpcm.sh						     lib_sy_pt
[root@localhost lib_base]# ls
bin						     lib_sy_base  test_client
build-test_client-Desktop_Qt_5_10_1_GCC_64bit-Debug  lib_sy_net
cpcm.sh						     lib_sy_pt
[root@localhost lib_base]# pwd
/home/work/dynamic_git/public/lib_base
[root@localhost lib_base]# ls
bin						     lib_sy_base  test_client
build-test_client-Desktop_Qt_5_10_1_GCC_64bit-Debug  lib_sy_net
cpcm.sh						     lib_sy_pt
[root@localhost lib_base]# pwd
/home/work/dynamic_git/public/lib_base
[root@localhost lib_base]# ls
bin						     lib_sy_base  test_client
build-test_client-Desktop_Qt_5_10_1_GCC_64bit-Debug  lib_sy_net
cpcm.sh						     lib_sy_pt
[root@localhost lib_base]# ls bin
lib_sy_base
[root@localhost lib_base]# ls
bin						     lib_sy_base  test_client
build-test_client-Desktop_Qt_5_10_1_GCC_64bit-Debug  lib_sy_net
cpcm.sh						     lib_sy_pt
[root@localhost lib_base]# ls
bin						     lib_sy_base  test_client
build-test_client-Desktop_Qt_5_10_1_GCC_64bit-Debug  lib_sy_net   test_server
cpcm.sh						     lib_sy_pt
[root@localhost lib_base]# cp test_client/
cp: missing destination file operand after ‘test_client/’
Try 'cp --help' for more information.
[root@localhost lib_base]# cd test_client/
[root@localhost test_client]# ls
host_colleague.cpp  main_window.cpp  sy_mediator.cpp  test_client.pro.user
host_colleague.h    main_window.h    sy_mediator.h
main.cpp	    main_window.ui   test_client.pro
[root@localhost test_client]# cp host* sy_mediator* ../test_server/
[root@localhost test_client]# cd ../test_server/
[root@localhost test_server]# ls
host_colleague.cpp  main_window.cpp  sy_mediator.cpp  test_server.pro.user
host_colleague.h    main_window.h    sy_mediator.h
main.cpp	    main_window.ui   test_server.pro
[root@localhost test_server]# ls
host_colleague.cpp  main_window.cpp  sy_mediator.cpp  test_server.pro.user
host_colleague.h    main_window.h    sy_mediator.h
main.cpp	    main_window.ui   test_server.pro
[root@localhost test_server]# cd ..
[root@localhost lib_base]# ls
bin						     cpcm.sh	  lib_sy_pt
build-test_client-Desktop_Qt_5_10_1_GCC_64bit-Debug  lib_sy_base  test_client
build-test_server-Desktop_Qt_5_10_1_GCC_64bit-Debug  lib_sy_net   test_server
[root@localhost lib_base]# cat cpcm.sh 
#!/bin/bash
cd lib_sy_base
python cp2common.py
cd ../lib_sy_pt
python cp2common.py
cd ../lib_sy_net
python cp2common.py
[root@localhost lib_base]# ./cpcm.sh 
/home/work/dynamic_git/public/lib_base/lib_sy_base/../../common/inc/lib_sy_base/crc32.h
/home/work/dynamic_git/public/lib_base/lib_sy_base/../../common/inc/lib_sy_base/my_tools.h
/home/work/dynamic_git/public/lib_base/lib_sy_base/../../common/inc/lib_sy_base/s_map.h
/home/work/dynamic_git/public/lib_base/lib_sy_base/../../common/inc/lib_sy_base/s_list.h
/home/work/dynamic_git/public/lib_base/lib_sy_base/../../common/inc/lib_sy_base/singleton.h
/home/work/dynamic_git/public/lib_base/lib_sy_base/../../common/inc/lib_sy_base/auto_lock.h
/home/work/dynamic_git/public/lib_base/lib_sy_base/../../common/inc/lib_sy_base/s_deque.h
/home/work/dynamic_git/public/lib_base/lib_sy_base/../../common/inc/lib_sy_base/Imy_observer.h
/home/work/dynamic_git/public/lib_base/lib_sy_base/../../common/inc/lib_sy_base/Itask_manager.h
/home/work/dynamic_git/public/lib_base/lib_sy_base/../../common/inc/lib_sy_base/sy_base_def.h
/home/work/dynamic_git/public/lib_base/lib_sy_base/../../common/inc/lib_sy_base/sy_log.h
/home/work/dynamic_git/public/lib_base/lib_sy_base/../../common/inc/sy_base.h
/home/work/dynamic_git/public/lib_base/lib_sy_base/../../common/inc/lib_sy_base/sy_base_def.h
/home/work/dynamic_git/public/lib_base/lib_sy_base/../../common/lib64/lib_sy_base.a
/home/work/dynamic_git/public/lib_base/lib_sy_pt/../../common/inc/lib_sy_pt.h
/home/work/dynamic_git/public/lib_base/lib_sy_pt/../../common/inc/lib_sy_pt/sy_pt_def.h
/home/work/dynamic_git/public/lib_base/lib_sy_pt/../../common/inc/lib_sy_pt/Imediate.h
/home/work/dynamic_git/public/lib_base/lib_sy_pt/../../common/inc/lib_sy_pt/signal_factory.h
/home/work/dynamic_git/public/lib_base/lib_sy_pt/../../common/inc/lib_sy_pt/msg_heart_beat.h
/home/work/dynamic_git/public/lib_base/lib_sy_pt/../../common/inc/lib_sy_pt/msg_user.h
/home/work/dynamic_git/public/lib_base/lib_sy_pt/../../common/inc/lib_sy_pt/signal_ack_base.h
/home/work/dynamic_git/public/lib_base/lib_sy_pt/../../common/inc/lib_sy_pt/signal_base.h
/home/work/dynamic_git/public/lib_base/lib_sy_pt/../../common/inc/lib_sy_pt/signal_file_2.h
/home/work/dynamic_git/public/lib_base/lib_sy_pt/../../common/inc/lib_sy_pt/signal_group.h
/home/work/dynamic_git/public/lib_base/lib_sy_pt/../../common/inc/lib_sy_pt/signal_group_rev.h
/home/work/dynamic_git/public/lib_base/lib_sy_pt/../../common/inc/lib_sy_pt/signal_heart_beat.h
/home/work/dynamic_git/public/lib_base/lib_sy_pt/../../common/inc/lib_sy_pt/signal_point.h
/home/work/dynamic_git/public/lib_base/lib_sy_pt/../../common/inc/lib_sy_pt/signal_point_r.h
/home/work/dynamic_git/public/lib_base/lib_sy_pt/../../common/inc/lib_sy_pt/signal_register.h
/home/work/dynamic_git/public/lib_base/lib_sy_pt/../../common/inc/lib_sy_pt/signal_user_define.h
/home/work/dynamic_git/public/lib_base/lib_sy_pt/../../common/inc/lib_sy_pt/signal_system_log.h
/home/work/dynamic_git/public/lib_base/lib_sy_pt/../../common/lib64/lib_sy_pt.a
/home/work/dynamic_git/public/lib_base/lib_sy_net/../../common/dll/lib_sy_net.so
[root@localhost lib_base]# ls ../common/lib64/
lib_sy_base.a  lib_sy_pt.a
[root@localhost lib_base]# rm ../common/lib64/*
rm: remove regular file ‘../common/lib64/lib_sy_base.a’? y
rm: remove regular file ‘../common/lib64/lib_sy_pt.a’? y
[root@localhost lib_base]# ./cpcm.sh 
/home/work/dynamic_git/public/lib_base/lib_sy_base/../../common/inc/lib_sy_base/crc32.h
/home/work/dynamic_git/public/lib_base/lib_sy_base/../../common/inc/lib_sy_base/my_tools.h
/home/work/dynamic_git/public/lib_base/lib_sy_base/../../common/inc/lib_sy_base/s_map.h
/home/work/dynamic_git/public/lib_base/lib_sy_base/../../common/inc/lib_sy_base/s_list.h
/home/work/dynamic_git/public/lib_base/lib_sy_base/../../common/inc/lib_sy_base/singleton.h
/home/work/dynamic_git/public/lib_base/lib_sy_base/../../common/inc/lib_sy_base/auto_lock.h
/home/work/dynamic_git/public/lib_base/lib_sy_base/../../common/inc/lib_sy_base/s_deque.h
/home/work/dynamic_git/public/lib_base/lib_sy_base/../../common/inc/lib_sy_base/Imy_observer.h
/home/work/dynamic_git/public/lib_base/lib_sy_base/../../common/inc/lib_sy_base/Itask_manager.h
/home/work/dynamic_git/public/lib_base/lib_sy_base/../../common/inc/lib_sy_base/sy_base_def.h
/home/work/dynamic_git/public/lib_base/lib_sy_base/../../common/inc/lib_sy_base/sy_log.h
/home/work/dynamic_git/public/lib_base/lib_sy_base/../../common/inc/sy_base.h
/home/work/dynamic_git/public/lib_base/lib_sy_base/../../common/inc/lib_sy_base/sy_base_def.h
/home/work/dynamic_git/public/lib_base/lib_sy_base/../../common/lib64/lib_sy_base.a
/home/work/dynamic_git/public/lib_base/lib_sy_pt/../../common/inc/lib_sy_pt.h
/home/work/dynamic_git/public/lib_base/lib_sy_pt/../../common/inc/lib_sy_pt/sy_pt_def.h
/home/work/dynamic_git/public/lib_base/lib_sy_pt/../../common/inc/lib_sy_pt/Imediate.h
/home/work/dynamic_git/public/lib_base/lib_sy_pt/../../common/inc/lib_sy_pt/signal_factory.h
/home/work/dynamic_git/public/lib_base/lib_sy_pt/../../common/inc/lib_sy_pt/msg_heart_beat.h
/home/work/dynamic_git/public/lib_base/lib_sy_pt/../../common/inc/lib_sy_pt/msg_user.h
/home/work/dynamic_git/public/lib_base/lib_sy_pt/../../common/inc/lib_sy_pt/signal_ack_base.h
/home/work/dynamic_git/public/lib_base/lib_sy_pt/../../common/inc/lib_sy_pt/signal_base.h
/home/work/dynamic_git/public/lib_base/lib_sy_pt/../../common/inc/lib_sy_pt/signal_file_2.h
/home/work/dynamic_git/public/lib_base/lib_sy_pt/../../common/inc/lib_sy_pt/signal_group.h
/home/work/dynamic_git/public/lib_base/lib_sy_pt/../../common/inc/lib_sy_pt/signal_group_rev.h
/home/work/dynamic_git/public/lib_base/lib_sy_pt/../../common/inc/lib_sy_pt/signal_heart_beat.h
/home/work/dynamic_git/public/lib_base/lib_sy_pt/../../common/inc/lib_sy_pt/signal_point.h
/home/work/dynamic_git/public/lib_base/lib_sy_pt/../../common/inc/lib_sy_pt/signal_point_r.h
/home/work/dynamic_git/public/lib_base/lib_sy_pt/../../common/inc/lib_sy_pt/signal_register.h
/home/work/dynamic_git/public/lib_base/lib_sy_pt/../../common/inc/lib_sy_pt/signal_user_define.h
/home/work/dynamic_git/public/lib_base/lib_sy_pt/../../common/inc/lib_sy_pt/signal_system_log.h
/home/work/dynamic_git/public/lib_base/lib_sy_pt/../../common/lib64/lib_sy_pt.a
/home/work/dynamic_git/public/lib_base/lib_sy_net/../../common/dll/lib_sy_net.so
[root@localhost lib_base]# ls ../common/lib64
lib_sy_base.a  lib_sy_pt.a
[root@localhost lib_base]# ls
bin						     cpcm.sh	  lib_sy_pt
build-test_client-Desktop_Qt_5_10_1_GCC_64bit-Debug  lib_sy_base  test_client
build-test_server-Desktop_Qt_5_10_1_GCC_64bit-Debug  lib_sy_net   test_server
[root@localhost lib_base]# rm rf build-test_*
rm: cannot remove ‘rf’: No such file or directory
rm: cannot remove ‘build-test_client-Desktop_Qt_5_10_1_GCC_64bit-Debug’: Is a directory
rm: cannot remove ‘build-test_server-Desktop_Qt_5_10_1_GCC_64bit-Debug’: Is a directory
[root@localhost lib_base]# rm -rf build-test_*
[root@localhost lib_base]# ls
bin  cpcm.sh  lib_sy_base  lib_sy_net  lib_sy_pt  test_client  test_server
[root@localhost lib_base]# ls
bin  cpcm.sh  lib_sy_base  lib_sy_net  lib_sy_pt  test_client  test_server
[root@localhost lib_base]# ls
bin  cpcm.sh  lib_sy_base  lib_sy_net  lib_sy_pt  test_client  test_server
[root@localhost lib_base]# ls
bin  cpcm.sh  lib_sy_base  lib_sy_net  lib_sy_pt  test_client  test_server
[root@localhost lib_base]# ls
bin  cpcm.sh  lib_sy_base  lib_sy_net  lib_sy_pt  test_client  test_server
[root@localhost lib_base]# ls
bin  cpcm.sh  lib_sy_base  lib_sy_net  lib_sy_pt  test_client  test_server
[root@localhost lib_base]# ls ../common/lib64
lib_sy_base.a  lib_sy_pt.a
[root@localhost lib_base]# ls
bin  cpcm.sh  lib_sy_base  lib_sy_net  lib_sy_pt  test_client  test_server
[root@localhost lib_base]# cd ..
[root@localhost public]# ls
bin  common  lib_base
[root@localhost public]# cd lib_base/
[root@localhost lib_base]# ls
bin  cpcm.sh  lib_sy_base  lib_sy_net  lib_sy_pt  test_client  test_server
[root@localhost lib_base]# ./cpcm.sh 
Traceback (most recent call last):
  File "cp2common.py", line 17, in <module>
    copy_file ("lib_sy_base/crc32.h",  "../../common/inc/lib_sy_base/crc32.h")
  File "cp2common.py", line 7, in copy_file
    os.remove("delete " + cur_path + dest)
OSError: [Errno 2] No such file or directory: 'delete /home/work/dynamic_git/public/lslib_base/lib_sy_base/../../common/inc/lib_sy_base/crc32.h'
/home/work/dynamic_git/public/lib_base/lib_sy_pt/../../common/inc/lib_sy_pt.h
/home/work/dynamic_git/public/lib_base/lib_sy_pt/../../common/inc/lib_sy_pt/sy_pt_def.h
/home/work/dynamic_git/public/lib_base/lib_sy_pt/../../common/inc/lib_sy_pt/Imediate.h
/home/work/dynamic_git/public/lib_base/lib_sy_pt/../../common/inc/lib_sy_pt/signal_factory.h
/home/work/dynamic_git/public/lib_base/lib_sy_pt/../../common/inc/lib_sy_pt/msg_heart_beat.h
/home/work/dynamic_git/public/lib_base/lib_sy_pt/../../common/inc/lib_sy_pt/msg_user.h
/home/work/dynamic_git/public/lib_base/lib_sy_pt/../../common/inc/lib_sy_pt/signal_ack_base.h
/home/work/dynamic_git/public/lib_base/lib_sy_pt/../../common/inc/lib_sy_pt/signal_base.h
/home/work/dynamic_git/public/lib_base/lib_sy_pt/../../common/inc/lib_sy_pt/signal_file_2.h
/home/work/dynamic_git/public/lib_base/lib_sy_pt/../../common/inc/lib_sy_pt/signal_group.h
/home/work/dynamic_git/public/lib_base/lib_sy_pt/../../common/inc/lib_sy_pt/signal_group_rev.h
/home/work/dynamic_git/public/lib_base/lib_sy_pt/../../common/inc/lib_sy_pt/signal_heart_beat.h
/home/work/dynamic_git/public/lib_base/lib_sy_pt/../../common/inc/lib_sy_pt/signal_point.h
/home/work/dynamic_git/public/lib_base/lib_sy_pt/../../common/inc/lib_sy_pt/signal_point_r.h
/home/work/dynamic_git/public/lib_base/lib_sy_pt/../../common/inc/lib_sy_pt/signal_register.h
/home/work/dynamic_git/public/lib_base/lib_sy_pt/../../common/inc/lib_sy_pt/signal_user_define.h
/home/work/dynamic_git/public/lib_base/lib_sy_pt/../../common/inc/lib_sy_pt/signal_system_log.h
/home/work/dynamic_git/public/lib_base/lib_sy_pt/../../common/lib64/lib_sy_pt.a
/home/work/dynamic_git/public/lib_base/lib_sy_net/../../common/dll/lib_sy_net.so
[root@localhost lib_base]# OSError: [Errno 2] No such file or directory: 'delete /home/work/dynamic_git/public/lslib_base/lib_sy_base/../../common/inc/lib_sy_base/crc32.h'
/home/work/dynamic_git/public/lib_base/lib_sy_pt/../../common/inc/lib_sy_pt.h
/home/work/dynamic_git/public/lib_base/lib_sy_pt/../../common/inc/lib_sy_pt/sy_pt_def.h
/home/work/dynamic_git/public/lib_base/lib_sy_pt/../../common/inc/lib_sy_pt/Imediate.h
/home/work/dynamic_git/public/lib_base/lib_sy_pt/../../common/inc/lib_sy_pt/signal_factory.h
/home/work/dynamic_git/public/lib_base/lib_sy_pt/../../common/inc/lib_sy_pt/msg_heart_beat.h
/home/work/dynamic_git/public/lib_base/lib_sy_pt/../../common/inc/lib_sy_pt/msg_user.h
/home/work/dynamic_git/public/lib_base/lib_sy_pt/../../common/inc/lib_sy_pt/signal_ack_base.h
/home/work/dynamic_git/public/lib_base/lib_sy_pt/../../common/inc/lib_sy_pt/signal_base.h
/home/work/dynamic_git/public/lib_base/lib_sy_pt/../../common/inc/lib_sy_pt/signal_file_2.h
/home/work/dynamic_git/public/lib_base/lib_sy_pt/../../common/inc/lib_sy_pt/signal_group.h
/home/work/dynamic_git/public/lib_base/lib_sy_pt/../../common/inc/lib_sy_pt/signal_group_rev.h
/home/work/dynamic_git/public/lib_base/lib_sy_pt/../../common/inc/lib_sy_pt/signal_heart_beat.h
/home/work/dynamic_git/public/lib_base/lib_sy_pt/../../common/inc/lib_sy_pt/signal_point.h
/home/work/dynamic_git/public/lib_base/lib_sy_pt/../../common/inc/lib_sy_pt/signal_point_r.h
/home/work/dynamic_git/public/lib_base/lib_sy_pt/../../common/inc/lib_sy_pt/signal_register.h
/home/work/dynamic_git/public/lib_base/lib_sy_pt/../../common/inc/lib_sy_pt/signal_user_define.h
/home/work/dynamic_git/public/lib_base/lib_sy_pt/../../common/inc/lib_sy_pt/signal_system_log.h
/home/work/dynamic_git/public/lib_base/lib_sy_pt/../../common/lib64/lib_sy_pt.a
/home/work/dynamic_git/public/lib_base/lib_sy_net/../../common/dll/lib_sy_net.so
[root@localhost lib_base]# 
bash: OSError:: command not found...
[root@localhost lib_base]# bash: /home/work/dynamic_git/public/lib_base/lib_sy_pt/../../common/inc/lib_sy_pt.h: Permission denied
[root@localhost lib_base]# bash: /home/work/dynamic_git/public/lib_base/lib_sy_pt/../../common/inc/lib_sy_pt/sy_pt_def.h: Permission denied
[root@localhost lib_base]# bash: /home/work/dynamic_git/public/lib_base/lib_sy_pt/../../common/inc/lib_sy_pt/Imediate.h: Permission denied
[root@localhost lib_base]# bash: /home/work/dynamic_git/public/lib_base/lib_sy_pt/../../common/inc/lib_sy_pt/signal_factory.h: Permission denied
[root@localhost lib_base]# bash: /home/work/dynamic_git/public/lib_base/lib_sy_pt/../../common/inc/lib_sy_pt/msg_heart_beat.h: Permission denied
[root@localhost lib_base]# bash: /home/work/dynamic_git/public/lib_base/lib_sy_pt/../../common/inc/lib_sy_pt/msg_user.h: Permission denied
[root@localhost lib_base]# bash: /home/work/dynamic_git/public/lib_base/lib_sy_pt/../../common/inc/lib_sy_pt/signal_ack_base.h: Permission denied
[root@localhost lib_base]# bash: /home/work/dynamic_git/public/lib_base/lib_sy_pt/../../common/inc/lib_sy_pt/signal_base.h: Permission denied
[root@localhost lib_base]# bash: /home/work/dynamic_git/public/lib_base/lib_sy_pt/../../common/inc/lib_sy_pt/signal_file_2.h: Permission denied
[root@localhost lib_base]# bash: /home/work/dynamic_git/public/lib_base/lib_sy_pt/../../common/inc/lib_sy_pt/signal_group.h: Permission denied
[root@localhost lib_base]# bash: /home/work/dynamic_git/public/lib_base/lib_sy_pt/../../common/inc/lib_sy_pt/signal_group_rev.h: Permission denied
[root@localhost lib_base]# bash: /home/work/dynamic_git/public/lib_base/lib_sy_pt/../../common/inc/lib_sy_pt/signal_heart_beat.h: Permission denied
[root@localhost lib_base]# bash: /home/work/dynamic_git/public/lib_base/lib_sy_pt/../../common/inc/lib_sy_pt/signal_point.h: Permission denied
[root@localhost lib_base]# bash: /home/work/dynamic_git/public/lib_base/lib_sy_pt/../../common/inc/lib_sy_pt/signal_point_r.h: Permission denied
[root@localhost lib_base]# bash: /home/work/dynamic_git/public/lib_base/lib_sy_pt/../../common/inc/lib_sy_pt/signal_register.h: Permission denied
[root@localhost lib_base]# bash: /home/work/dynamic_git/public/lib_base/lib_sy_pt/../../common/inc/lib_sy_pt/signal_user_define.h: Permission denied
[root@localhost lib_base]# bash: /home/work/dynamic_git/public/lib_base/lib_sy_pt/../../common/inc/lib_sy_pt/signal_system_log.h: Permission denied
[root@localhost lib_base]# bash: /home/work/dynamic_git/public/lib_base/lib_sy_pt/../../common/lib64/lib_sy_pt.a: Permission denied
[root@localhost lib_base]# bash: /home/work/dynamic_git/public/lib_base/lib_sy_net/../../common/dll/lib_sy_net.so: Permission denied
[root@localhost lib_base]# bash: [root@localhost: command not found...
[root@localhost lib_base]# ls
bin  cpcm.sh  lib_sy_base  lib_sy_net  lib_sy_pt  test_client  test_server
[root@localhost lib_base]# ./cpcm.sh 
Traceback (most recent call last):
  File "cp2common.py", line 17, in <module>
    copy_file ("lib_sy_base/crc32.h",  "../../common/inc/lib_sy_base/crc32.h")
  File "cp2common.py", line 7, in copy_file
    os.remove(path + dest)
NameError: global name 'path' is not defined
/home/work/dynamic_git/public/lib_base/lib_sy_pt/../../common/inc/lib_sy_pt.h
/home/work/dynamic_git/public/lib_base/lib_sy_pt/../../common/inc/lib_sy_pt/sy_pt_def.h
/home/work/dynamic_git/public/lib_base/lib_sy_pt/../../common/inc/lib_sy_pt/Imediate.h
/home/work/dynamic_git/public/lib_base/lib_sy_pt/../../common/inc/lib_sy_pt/signal_factory.h
/home/work/dynamic_git/public/lib_base/lib_sy_pt/../../common/inc/lib_sy_pt/msg_heart_beat.h
/home/work/dynamic_git/public/lib_base/lib_sy_pt/../../common/inc/lib_sy_pt/msg_user.h
/home/work/dynamic_git/public/lib_base/lib_sy_pt/../../common/inc/lib_sy_pt/signal_ack_base.h
/home/work/dynamic_git/public/lib_base/lib_sy_pt/../../common/inc/lib_sy_pt/signal_base.h
/home/work/dynamic_git/public/lib_base/lib_sy_pt/../../common/inc/lib_sy_pt/signal_file_2.h
/home/work/dynamic_git/public/lib_base/lib_sy_pt/../../common/inc/lib_sy_pt/signal_group.h
/home/work/dynamic_git/public/lib_base/lib_sy_pt/../../common/inc/lib_sy_pt/signal_group_rev.h
/home/work/dynamic_git/public/lib_base/lib_sy_pt/../../common/inc/lib_sy_pt/signal_heart_beat.h
/home/work/dynamic_git/public/lib_base/lib_sy_pt/../../common/inc/lib_sy_pt/signal_point.h
/home/work/dynamic_git/public/lib_base/lib_sy_pt/../../common/inc/lib_sy_pt/signal_point_r.h
/home/work/dynamic_git/public/lib_base/lib_sy_pt/../../common/inc/lib_sy_pt/signal_register.h
/home/work/dynamic_git/public/lib_base/lib_sy_pt/../../common/inc/lib_sy_pt/signal_user_define.h
/home/work/dynamic_git/public/lib_base/lib_sy_pt/../../common/inc/lib_sy_pt/signal_system_log.h
/home/work/dynamic_git/public/lib_base/lib_sy_pt/../../common/lib64/lib_sy_pt.a
/home/work/dynamic_git/public/lib_base/lib_sy_net/../../common/dll/lib_sy_net.so
[root@localhost lib_base]# ./cpcm.sh 
/home/work/dynamic_git/public/lib_base/lib_sy_base/../../common/inc/lib_sy_base/crc32.h
/home/work/dynamic_git/public/lib_base/lib_sy_base/../../common/inc/lib_sy_base/my_tools.h
/home/work/dynamic_git/public/lib_base/lib_sy_base/../../common/inc/lib_sy_base/s_map.h
/home/work/dynamic_git/public/lib_base/lib_sy_base/../../common/inc/lib_sy_base/s_list.h
/home/work/dynamic_git/public/lib_base/lib_sy_base/../../common/inc/lib_sy_base/singleton.h
/home/work/dynamic_git/public/lib_base/lib_sy_base/../../common/inc/lib_sy_base/auto_lock.h
/home/work/dynamic_git/public/lib_base/lib_sy_base/../../common/inc/lib_sy_base/s_deque.h
/home/work/dynamic_git/public/lib_base/lib_sy_base/../../common/inc/lib_sy_base/Imy_observer.h
/home/work/dynamic_git/public/lib_base/lib_sy_base/../../common/inc/lib_sy_base/Itask_manager.h
/home/work/dynamic_git/public/lib_base/lib_sy_base/../../common/inc/lib_sy_base/sy_base_def.h
/home/work/dynamic_git/public/lib_base/lib_sy_base/../../common/inc/lib_sy_base/sy_log.h
/home/work/dynamic_git/public/lib_base/lib_sy_base/../../common/inc/sy_base.h
/home/work/dynamic_git/public/lib_base/lib_sy_base/../../common/inc/lib_sy_base/sy_base_def.h
/home/work/dynamic_git/public/lib_base/lib_sy_base/../../common/lib64/lib_sy_base.a
/home/work/dynamic_git/public/lib_base/lib_sy_pt/../../common/inc/lib_sy_pt.h
/home/work/dynamic_git/public/lib_base/lib_sy_pt/../../common/inc/lib_sy_pt/sy_pt_def.h
/home/work/dynamic_git/public/lib_base/lib_sy_pt/../../common/inc/lib_sy_pt/Imediate.h
/home/work/dynamic_git/public/lib_base/lib_sy_pt/../../common/inc/lib_sy_pt/signal_factory.h
/home/work/dynamic_git/public/lib_base/lib_sy_pt/../../common/inc/lib_sy_pt/msg_heart_beat.h
/home/work/dynamic_git/public/lib_base/lib_sy_pt/../../common/inc/lib_sy_pt/msg_user.h
/home/work/dynamic_git/public/lib_base/lib_sy_pt/../../common/inc/lib_sy_pt/signal_ack_base.h
/home/work/dynamic_git/public/lib_base/lib_sy_pt/../../common/inc/lib_sy_pt/signal_base.h
/home/work/dynamic_git/public/lib_base/lib_sy_pt/../../common/inc/lib_sy_pt/signal_file_2.h
/home/work/dynamic_git/public/lib_base/lib_sy_pt/../../common/inc/lib_sy_pt/signal_group.h
/home/work/dynamic_git/public/lib_base/lib_sy_pt/../../common/inc/lib_sy_pt/signal_group_rev.h
/home/work/dynamic_git/public/lib_base/lib_sy_pt/../../common/inc/lib_sy_pt/signal_heart_beat.h
/home/work/dynamic_git/public/lib_base/lib_sy_pt/../../common/inc/lib_sy_pt/signal_point.h
/home/work/dynamic_git/public/lib_base/lib_sy_pt/../../common/inc/lib_sy_pt/signal_point_r.h
/home/work/dynamic_git/public/lib_base/lib_sy_pt/../../common/inc/lib_sy_pt/signal_register.h
/home/work/dynamic_git/public/lib_base/lib_sy_pt/../../common/inc/lib_sy_pt/signal_user_define.h
/home/work/dynamic_git/public/lib_base/lib_sy_pt/../../common/inc/lib_sy_pt/signal_system_log.h
/home/work/dynamic_git/public/lib_base/lib_sy_pt/../../common/lib64/lib_sy_pt.a
/home/work/dynamic_git/public/lib_base/lib_sy_net/../../common/dll/lib_sy_net.so
[root@localhost lib_base]# ./cpcm.sh 
/home/work/dynamic_git/public/lib_base/lib_sy_base/../../common/inc/lib_sy_base/crc32.h
/home/work/dynamic_git/public/lib_base/lib_sy_base/../../common/inc/lib_sy_base/my_tools.h
/home/work/dynamic_git/public/lib_base/lib_sy_base/../../common/inc/lib_sy_base/s_map.h
/home/work/dynamic_git/public/lib_base/lib_sy_base/../../common/inc/lib_sy_base/s_list.h
/home/work/dynamic_git/public/lib_base/lib_sy_base/../../common/inc/lib_sy_base/singleton.h
/home/work/dynamic_git/public/lib_base/lib_sy_base/../../common/inc/lib_sy_base/auto_lock.h
/home/work/dynamic_git/public/lib_base/lib_sy_base/../../common/inc/lib_sy_base/s_deque.h
/home/work/dynamic_git/public/lib_base/lib_sy_base/../../common/inc/lib_sy_base/Imy_observer.h
/home/work/dynamic_git/public/lib_base/lib_sy_base/../../common/inc/lib_sy_base/Itask_manager.h
/home/work/dynamic_git/public/lib_base/lib_sy_base/../../common/inc/lib_sy_base/sy_base_def.h
/home/work/dynamic_git/public/lib_base/lib_sy_base/../../common/inc/lib_sy_base/sy_log.h
/home/work/dynamic_git/public/lib_base/lib_sy_base/../../common/inc/sy_base.h
/home/work/dynamic_git/public/lib_base/lib_sy_base/../../common/inc/lib_sy_base/sy_base_def.h
/home/work/dynamic_git/public/lib_base/lib_sy_base/../../common/lib64/lib_sy_base.a
/home/work/dynamic_git/public/lib_base/lib_sy_pt/../../common/inc/lib_sy_pt.h
/home/work/dynamic_git/public/lib_base/lib_sy_pt/../../common/inc/lib_sy_pt/sy_pt_def.h
/home/work/dynamic_git/public/lib_base/lib_sy_pt/../../common/inc/lib_sy_pt/Imediate.h
/home/work/dynamic_git/public/lib_base/lib_sy_pt/../../common/inc/lib_sy_pt/signal_factory.h
/home/work/dynamic_git/public/lib_base/lib_sy_pt/../../common/inc/lib_sy_pt/msg_heart_beat.h
/home/work/dynamic_git/public/lib_base/lib_sy_pt/../../common/inc/lib_sy_pt/msg_user.h
/home/work/dynamic_git/public/lib_base/lib_sy_pt/../../common/inc/lib_sy_pt/signal_ack_base.h
/home/work/dynamic_git/public/lib_base/lib_sy_pt/../../common/inc/lib_sy_pt/signal_base.h
/home/work/dynamic_git/public/lib_base/lib_sy_pt/../../common/inc/lib_sy_pt/signal_file_2.h
/home/work/dynamic_git/public/lib_base/lib_sy_pt/../../common/inc/lib_sy_pt/signal_group.h
/home/work/dynamic_git/public/lib_base/lib_sy_pt/../../common/inc/lib_sy_pt/signal_group_rev.h
/home/work/dynamic_git/public/lib_base/lib_sy_pt/../../common/inc/lib_sy_pt/signal_heart_beat.h
/home/work/dynamic_git/public/lib_base/lib_sy_pt/../../common/inc/lib_sy_pt/signal_point.h
/home/work/dynamic_git/public/lib_base/lib_sy_pt/../../common/inc/lib_sy_pt/signal_point_r.h
/home/work/dynamic_git/public/lib_base/lib_sy_pt/../../common/inc/lib_sy_pt/signal_register.h
/home/work/dynamic_git/public/lib_base/lib_sy_pt/../../common/inc/lib_sy_pt/signal_user_define.h
/home/work/dynamic_git/public/lib_base/lib_sy_pt/../../common/inc/lib_sy_pt/signal_system_log.h
/home/work/dynamic_git/public/lib_base/lib_sy_pt/../../common/lib64/lib_sy_pt.a
/home/work/dynamic_git/public/lib_base/lib_sy_net/../../common/dll/lib_sy_net.so
[root@localhost lib_base]# ls
bin  cpcm.sh  lib_sy_base  lib_sy_net  lib_sy_pt  test_client  test_server
[root@localhost lib_base]# ./cpcm.sh 
/home/work/dynamic_git/public/lib_base/lib_sy_base/../../common/inc/lib_sy_base/crc32.h
/home/work/dynamic_git/public/lib_base/lib_sy_base/../../common/inc/lib_sy_base/my_tools.h
/home/work/dynamic_git/public/lib_base/lib_sy_base/../../common/inc/lib_sy_base/s_map.h
/home/work/dynamic_git/public/lib_base/lib_sy_base/../../common/inc/lib_sy_base/s_list.h
/home/work/dynamic_git/public/lib_base/lib_sy_base/../../common/inc/lib_sy_base/singleton.h
/home/work/dynamic_git/public/lib_base/lib_sy_base/../../common/inc/lib_sy_base/auto_lock.h
/home/work/dynamic_git/public/lib_base/lib_sy_base/../../common/inc/lib_sy_base/s_deque.h
/home/work/dynamic_git/public/lib_base/lib_sy_base/../../common/inc/lib_sy_base/Imy_observer.h
/home/work/dynamic_git/public/lib_base/lib_sy_base/../../common/inc/lib_sy_base/Itask_manager.h
/home/work/dynamic_git/public/lib_base/lib_sy_base/../../common/inc/lib_sy_base/sy_base_def.h
/home/work/dynamic_git/public/lib_base/lib_sy_base/../../common/inc/lib_sy_base/sy_log.h
/home/work/dynamic_git/public/lib_base/lib_sy_base/../../common/inc/sy_base.h
/home/work/dynamic_git/public/lib_base/lib_sy_base/../../common/inc/lib_sy_base/sy_base_def.h
/home/work/dynamic_git/public/lib_base/lib_sy_base/../../common/lib64/lib_sy_base.a
/home/work/dynamic_git/public/lib_base/lib_sy_pt/../../common/inc/lib_sy_pt.h
/home/work/dynamic_git/public/lib_base/lib_sy_pt/../../common/inc/lib_sy_pt/sy_pt_def.h
/home/work/dynamic_git/public/lib_base/lib_sy_pt/../../common/inc/lib_sy_pt/Imediate.h
/home/work/dynamic_git/public/lib_base/lib_sy_pt/../../common/inc/lib_sy_pt/signal_factory.h
/home/work/dynamic_git/public/lib_base/lib_sy_pt/../../common/inc/lib_sy_pt/msg_heart_beat.h
/home/work/dynamic_git/public/lib_base/lib_sy_pt/../../common/inc/lib_sy_pt/msg_user.h
/home/work/dynamic_git/public/lib_base/lib_sy_pt/../../common/inc/lib_sy_pt/signal_ack_base.h
/home/work/dynamic_git/public/lib_base/lib_sy_pt/../../common/inc/lib_sy_pt/signal_base.h
/home/work/dynamic_git/public/lib_base/lib_sy_pt/../../common/inc/lib_sy_pt/signal_file_2.h
/home/work/dynamic_git/public/lib_base/lib_sy_pt/../../common/inc/lib_sy_pt/signal_group.h
/home/work/dynamic_git/public/lib_base/lib_sy_pt/../../common/inc/lib_sy_pt/signal_group_rev.h
/home/work/dynamic_git/public/lib_base/lib_sy_pt/../../common/inc/lib_sy_pt/signal_heart_beat.h
/home/work/dynamic_git/public/lib_base/lib_sy_pt/../../common/inc/lib_sy_pt/signal_point.h
/home/work/dynamic_git/public/lib_base/lib_sy_pt/../../common/inc/lib_sy_pt/signal_point_r.h
/home/work/dynamic_git/public/lib_base/lib_sy_pt/../../common/inc/lib_sy_pt/signal_register.h
/home/work/dynamic_git/public/lib_base/lib_sy_pt/../../common/inc/lib_sy_pt/signal_user_define.h
/home/work/dynamic_git/public/lib_base/lib_sy_pt/../../common/inc/lib_sy_pt/signal_system_log.h
/home/work/dynamic_git/public/lib_base/lib_sy_pt/../../common/lib64/lib_sy_pt.a
  File "cp2common.py", line 8
    print("copy to:"cur_path + dest)
                           ^
SyntaxError: invalid syntax
[root@localhost lib_base]# ./cpcm.sh 
/home/work/dynamic_git/public/lib_base/lib_sy_base/../../common/inc/lib_sy_base/crc32.h
/home/work/dynamic_git/public/lib_base/lib_sy_base/../../common/inc/lib_sy_base/my_tools.h
/home/work/dynamic_git/public/lib_base/lib_sy_base/../../common/inc/lib_sy_base/s_map.h
/home/work/dynamic_git/public/lib_base/lib_sy_base/../../common/inc/lib_sy_base/s_list.h
/home/work/dynamic_git/public/lib_base/lib_sy_base/../../common/inc/lib_sy_base/singleton.h
/home/work/dynamic_git/public/lib_base/lib_sy_base/../../common/inc/lib_sy_base/auto_lock.h
/home/work/dynamic_git/public/lib_base/lib_sy_base/../../common/inc/lib_sy_base/s_deque.h
/home/work/dynamic_git/public/lib_base/lib_sy_base/../../common/inc/lib_sy_base/Imy_observer.h
/home/work/dynamic_git/public/lib_base/lib_sy_base/../../common/inc/lib_sy_base/Itask_manager.h
/home/work/dynamic_git/public/lib_base/lib_sy_base/../../common/inc/lib_sy_base/sy_base_def.h
/home/work/dynamic_git/public/lib_base/lib_sy_base/../../common/inc/lib_sy_base/sy_log.h
/home/work/dynamic_git/public/lib_base/lib_sy_base/../../common/inc/sy_base.h
/home/work/dynamic_git/public/lib_base/lib_sy_base/../../common/inc/lib_sy_base/sy_base_def.h
/home/work/dynamic_git/public/lib_base/lib_sy_base/../../common/lib64/lib_sy_base.a
ls/home/work/dynamic_git/public/lib_base/lib_sy_pt/../../common/inc/lib_sy_pt.h
/home/work/dynamic_git/public/lib_base/lib_sy_pt/../../common/inc/lib_sy_pt/sy_pt_def.h
/home/work/dynamic_git/public/lib_base/lib_sy_pt/../../common/inc/lib_sy_pt/Imediate.h
/home/work/dynamic_git/public/lib_base/lib_sy_pt/../../common/inc/lib_sy_pt/signal_factory.h
/home/work/dynamic_git/public/lib_base/lib_sy_pt/../../common/inc/lib_sy_pt/msg_heart_beat.h
/home/work/dynamic_git/public/lib_base/lib_sy_pt/../../common/inc/lib_sy_pt/msg_user.h
/home/work/dynamic_git/public/lib_base/lib_sy_pt/../../common/inc/lib_sy_pt/signal_ack_base.h
/home/work/dynamic_git/public/lib_base/lib_sy_pt/../../common/inc/lib_sy_pt/signal_base.h
/home/work/dynamic_git/public/lib_base/lib_sy_pt/../../common/inc/lib_sy_pt/signal_file_2.h
/home/work/dynamic_git/public/lib_base/lib_sy_pt/../../common/inc/lib_sy_pt/signal_group.h
/home/work/dynamic_git/public/lib_base/lib_sy_pt/../../common/inc/lib_sy_pt/signal_group_rev.h
/home/work/dynamic_git/public/lib_base/lib_sy_pt/../../common/inc/lib_sy_pt/signal_heart_beat.h
/home/work/dynamic_git/public/lib_base/lib_sy_pt/../../common/inc/lib_sy_pt/signal_point.h
/home/work/dynamic_git/public/lib_base/lib_sy_pt/../../common/inc/lib_sy_pt/signal_point_r.h
/home/work/dynamic_git/public/lib_base/lib_sy_pt/../../common/inc/lib_sy_pt/signal_register.h
/home/work/dynamic_git/public/lib_base/lib_sy_pt/../../common/inc/lib_sy_pt/signal_user_define.h
/home/work/dynamic_git/public/lib_base/lib_sy_pt/../../common/inc/lib_sy_pt/signal_system_log.h
/home/work/dynamic_git/public/lib_base/lib_sy_pt/../../common/lib64/lib_sy_pt.a
copy to:/home/work/dynamic_git/public/lib_base/lib_sy_net/../../common/dll/lib_sy_net.so
[root@localhost lib_base]# ls/home/work/dynamic_git/public/lib_base/lib_sy_pt/../../common/inc/lib_sy_pt.h
/home/work/dynamic_git/public/lib_base/lib_sy_pt/../../common/inc/lib_sy_pt/sy_pt_def.h
/home/work/dynamic_git/public/lib_base/lib_sy_pt/../../common/inc/lib_sy_pt/Imediate.h
/home/work/dynamic_git/public/lib_base/lib_sy_pt/../../common/inc/lib_sy_pt/signal_factory.h
/home/work/dynamic_git/public/lib_base/lib_sy_pt/../../common/inc/lib_sy_pt/msg_heart_beat.h
/home/work/dynamic_git/public/lib_base/lib_sy_pt/../../common/inc/lib_sy_pt/msg_user.h
/home/work/dynamic_git/public/lib_base/lib_sy_pt/../../common/inc/lib_sy_pt/signal_ack_base.h
/home/work/dynamic_git/public/lib_base/lib_sy_pt/../../common/inc/lib_sy_pt/signal_base.h
/home/work/dynamic_git/public/lib_base/lib_sy_pt/../../common/inc/lib_sy_pt/signal_file_2.h
/home/work/dynamic_git/public/lib_base/lib_sy_pt/../../common/inc/lib_sy_pt/signal_group.h
/home/work/dynamic_git/public/lib_base/lib_sy_pt/../../common/inc/lib_sy_pt/signal_group_rev.h
/home/work/dynamic_git/public/lib_base/lib_sy_pt/../../common/inc/lib_sy_pt/signal_heart_beat.h
/home/work/dynamic_git/public/lib_base/lib_sy_pt/../../common/inc/lib_sy_pt/signal_point.h
/home/work/dynamic_git/public/lib_base/lib_sy_pt/../../common/inc/lib_sy_pt/signal_point_r.h
/home/work/dynamic_git/public/lib_base/lib_sy_pt/../../common/inc/lib_sy_pt/signal_register.h
/home/work/dynamic_git/public/lib_base/lib_sy_pt/../../common/inc/lib_sy_pt/signal_user_define.h
/home/work/dynamic_git/public/lib_base/lib_sy_pt/../../common/inc/lib_sy_pt/signal_system_log.h
/home/work/dynamic_git/public/lib_base/lib_sy_pt/../../common/lib64/lib_sy_pt.a
copy to:/home/work/dynamic_git/public/lib_base/lib_sy_net/../../common/dll/lib_sy_net.so
[root@localhost lib_base]# 
bash: ls/home/work/dynamic_git/public/lib_base/lib_sy_pt/../../common/inc/lib_sy_pt.h: No such file or directory
[root@localhost lib_base]# bash: /home/work/dynamic_git/public/lib_base/lib_sy_pt/../../common/inc/lib_sy_pt/sy_pt_def.h: Permission denied
[root@localhost lib_base]# bash: /home/work/dynamic_git/public/lib_base/lib_sy_pt/../../common/inc/lib_sy_pt/Imediate.h: Permission denied
[root@localhost lib_base]# bash: /home/work/dynamic_git/public/lib_base/lib_sy_pt/../../common/inc/lib_sy_pt/signal_factory.h: Permission denied
[root@localhost lib_base]# bash: /home/work/dynamic_git/public/lib_base/lib_sy_pt/../../common/inc/lib_sy_pt/msg_heart_beat.h: Permission denied
[root@localhost lib_base]# bash: /home/work/dynamic_git/public/lib_base/lib_sy_pt/../../common/inc/lib_sy_pt/msg_user.h: Permission denied
[root@localhost lib_base]# bash: /home/work/dynamic_git/public/lib_base/lib_sy_pt/../../common/inc/lib_sy_pt/signal_ack_base.h: Permission denied
[root@localhost lib_base]# bash: /home/work/dynamic_git/public/lib_base/lib_sy_pt/../../common/inc/lib_sy_pt/signal_base.h: Permission denied
[root@localhost lib_base]# bash: /home/work/dynamic_git/public/lib_base/lib_sy_pt/../../common/inc/lib_sy_pt/signal_file_2.h: Permission denied
[root@localhost lib_base]# bash: /home/work/dynamic_git/public/lib_base/lib_sy_pt/../../common/inc/lib_sy_pt/signal_group.h: Permission denied
[root@localhost lib_base]# bash: /home/work/dynamic_git/public/lib_base/lib_sy_pt/../../common/inc/lib_sy_pt/signal_group_rev.h: Permission denied
[root@localhost lib_base]# bash: /home/work/dynamic_git/public/lib_base/lib_sy_pt/../../common/inc/lib_sy_pt/signal_heart_beat.h: Permission denied
[root@localhost lib_base]# bash: /home/work/dynamic_git/public/lib_base/lib_sy_pt/../../common/inc/lib_sy_pt/signal_point.h: Permission denied
[root@localhost lib_base]# bash: /home/work/dynamic_git/public/lib_base/lib_sy_pt/../../common/inc/lib_sy_pt/signal_point_r.h: Permission denied
[root@localhost lib_base]# bash: /home/work/dynamic_git/public/lib_base/lib_sy_pt/../../common/inc/lib_sy_pt/signal_register.h: Permission denied
[root@localhost lib_base]# bash: /home/work/dynamic_git/public/lib_base/lib_sy_pt/../../common/inc/lib_sy_pt/signal_user_define.h: Permission denied
[root@localhost lib_base]# bash: /home/work/dynamic_git/public/lib_base/lib_sy_pt/../../common/inc/lib_sy_pt/signal_system_log.h: Permission denied
[root@localhost lib_base]# bash: /home/work/dynamic_git/public/lib_base/lib_sy_pt/../../common/lib64/lib_sy_pt.a: Permission denied
[root@localhost lib_base]# bash: copy: command not found...
[root@localhost lib_base]# bash: [root@localhost: command not found...
[root@localhost lib_base]# ./cpcm.sh 
copy to:/home/work/dynamic_git/public/lib_base/lib_sy_base/../../common/inc/lib_sy_base/crc32.h
copy to:/home/work/dynamic_git/public/lib_base/lib_sy_base/../../common/inc/lib_sy_base/my_tools.h
copy to:/home/work/dynamic_git/public/lib_base/lib_sy_base/../../common/inc/lib_sy_base/s_map.h
copy to:/home/work/dynamic_git/public/lib_base/lib_sy_base/../../common/inc/lib_sy_base/s_list.h
copy to:/home/work/dynamic_git/public/lib_base/lib_sy_base/../../common/inc/lib_sy_base/singleton.h
copy to:/home/work/dynamic_git/public/lib_base/lib_sy_base/../../common/inc/lib_sy_base/auto_lock.h
copy to:/home/work/dynamic_git/public/lib_base/lib_sy_base/../../common/inc/lib_sy_base/s_deque.h
copy to:/home/work/dynamic_git/public/lib_base/lib_sy_base/../../common/inc/lib_sy_base/Imy_observer.h
copy to:/home/work/dynamic_git/public/lib_base/lib_sy_base/../../common/inc/lib_sy_base/Itask_manager.h
copy to:/home/work/dynamic_git/public/lib_base/lib_sy_base/../../common/inc/lib_sy_base/sy_base_def.h
copy to:/home/work/dynamic_git/public/lib_base/lib_sy_base/../../common/inc/lib_sy_base/sy_log.h
copy to:/home/work/dynamic_git/public/lib_base/lib_sy_base/../../common/inc/sy_base.h
copy to:/home/work/dynamic_git/public/lib_base/lib_sy_base/../../common/inc/lib_sy_base/sy_base_def.h
copy to:/home/work/dynamic_git/public/lib_base/lib_sy_base/../../common/lib64/lib_sy_base.a
copy to:/home/work/dynamic_git/public/lib_base/lib_sy_pt/../../common/inc/lib_sy_pt.h
copy to:/home/work/dynamic_git/public/lib_base/lib_sy_pt/../../common/inc/lib_sy_pt/sy_pt_def.h
copy to:/home/work/dynamic_git/public/lib_base/lib_sy_pt/../../common/inc/lib_sy_pt/Imediate.h
copy to:/home/work/dynamic_git/public/lib_base/lib_sy_pt/../../common/inc/lib_sy_pt/signal_factory.h
copy to:/home/work/dynamic_git/public/lib_base/lib_sy_pt/../../common/inc/lib_sy_pt/msg_heart_beat.h
copy to:/home/work/dynamic_git/public/lib_base/lib_sy_pt/../../common/inc/lib_sy_pt/msg_user.h
copy to:/home/work/dynamic_git/public/lib_base/lib_sy_pt/../../common/inc/lib_sy_pt/signal_ack_base.h
copy to:/home/work/dynamic_git/public/lib_base/lib_sy_pt/../../common/inc/lib_sy_pt/signal_base.h
copy to:/home/work/dynamic_git/public/lib_base/lib_sy_pt/../../common/inc/lib_sy_pt/signal_file_2.h
copy to:/home/work/dynamic_git/public/lib_base/lib_sy_pt/../../common/inc/lib_sy_pt/signal_group.h
copy to:/home/work/dynamic_git/public/lib_base/lib_sy_pt/../../common/inc/lib_sy_pt/signal_group_rev.h
copy to:/home/work/dynamic_git/public/lib_base/lib_sy_pt/../../common/inc/lib_sy_pt/signal_heart_beat.h
copy to:/home/work/dynamic_git/public/lib_base/lib_sy_pt/../../common/inc/lib_sy_pt/signal_point.h
copy to:/home/work/dynamic_git/public/lib_base/lib_sy_pt/../../common/inc/lib_sy_pt/signal_point_r.h
copy to:/home/work/dynamic_git/public/lib_base/lib_sy_pt/../../common/inc/lib_sy_pt/signal_register.h
copy to:/home/work/dynamic_git/public/lib_base/lib_sy_pt/../../common/inc/lib_sy_pt/signal_user_define.h
copy to:/home/work/dynamic_git/public/lib_base/lib_sy_pt/../../common/inc/lib_sy_pt/signal_system_log.h
copy to:/home/work/dynamic_git/public/lib_base/lib_sy_pt/../../common/lib64/lib_sy_pt.a
copy to:/home/work/dynamic_git/public/lib_base/lib_sy_net/../../common/dll/lib_sy_net.so
[root@localhost lib_base]# ./cpcm.sh 
copy to:/home/work/dynamic_git/public/lib_base/lib_sy_base/../../common/inc/lib_sy_base/crc32.h
copy to:/home/work/dynamic_git/public/lib_base/lib_sy_base/../../common/inc/lib_sy_base/my_tools.h
copy to:/home/work/dynamic_git/public/lib_base/lib_sy_base/../../common/inc/lib_sy_base/s_map.h
copy to:/home/work/dynamic_git/public/lib_base/lib_sy_base/../../common/inc/lib_sy_base/s_list.h
copy to:/home/work/dynamic_git/public/lib_base/lib_sy_base/../../common/inc/lib_sy_base/singleton.h
copy to:/home/work/dynamic_git/public/lib_base/lib_sy_base/../../common/inc/lib_sy_base/auto_lock.h
copy to:/home/work/dynamic_git/public/lib_base/lib_sy_base/../../common/inc/lib_sy_base/s_deque.h
copy to:/home/work/dynamic_git/public/lib_base/lib_sy_base/../../common/inc/lib_sy_base/Imy_observer.h
copy to:/home/work/dynamic_git/public/lib_base/lib_sy_base/../../common/inc/lib_sy_base/Itask_manager.h
copy to:/home/work/dynamic_git/public/lib_base/lib_sy_base/../../common/inc/lib_sy_base/sy_base_def.h
copy to:/home/work/dynamic_git/public/lib_base/lib_sy_base/../../common/inc/lib_sy_base/sy_log.h
copy to:/home/work/dynamic_git/public/lib_base/lib_sy_base/../../common/inc/sy_base.h
copy to:/home/work/dynamic_git/public/lib_base/lib_sy_base/../../common/inc/lib_sy_base/sy_base_def.h
copy to:/home/work/dynamic_git/public/lib_base/lib_sy_base/../../common/lib64/lib_sy_base.a
copy to:/home/work/dynamic_git/public/lib_base/lib_sy_pt/../../common/inc/lib_sy_pt.h
copy to:/home/work/dynamic_git/public/lib_base/lib_sy_pt/../../common/inc/lib_sy_pt/sy_pt_def.h
copy to:/home/work/dynamic_git/public/lib_base/lib_sy_pt/../../common/inc/lib_sy_pt/Imediate.h
copy to:/home/work/dynamic_git/public/lib_base/lib_sy_pt/../../common/inc/lib_sy_pt/signal_factory.h
copy to:/home/work/dynamic_git/public/lib_base/lib_sy_pt/../../common/inc/lib_sy_pt/msg_heart_beat.h
copy to:/home/work/dynamic_git/public/lib_base/lib_sy_pt/../../common/inc/lib_sy_pt/msg_user.h
copy to:/home/work/dynamic_git/public/lib_base/lib_sy_pt/../../common/inc/lib_sy_pt/signal_ack_base.h
copy to:/home/work/dynamic_git/public/lib_base/lib_sy_pt/../../common/inc/lib_sy_pt/signal_base.h
copy to:/home/work/dynamic_git/public/lib_base/lib_sy_pt/../../common/inc/lib_sy_pt/signal_file_2.h
copy to:/home/work/dynamic_git/public/lib_base/lib_sy_pt/../../common/inc/lib_sy_pt/signal_group.h
copy to:/home/work/dynamic_git/public/lib_base/lib_sy_pt/../../common/inc/lib_sy_pt/signal_group_rev.h
copy to:/home/work/dynamic_git/public/lib_base/lib_sy_pt/../../common/inc/lib_sy_pt/signal_heart_beat.h
copy to:/home/work/dynamic_git/public/lib_base/lib_sy_pt/../../common/inc/lib_sy_pt/signal_point.h
copy to:/home/work/dynamic_git/public/lib_base/lib_sy_pt/../../common/inc/lib_sy_pt/signal_point_r.h
copy to:/home/work/dynamic_git/public/lib_base/lib_sy_pt/../../common/inc/lib_sy_pt/signal_register.h
copy to:/home/work/dynamic_git/public/lib_base/lib_sy_pt/../../common/inc/lib_sy_pt/signal_user_define.h
copy to:/home/work/dynamic_git/public/lib_base/lib_sy_pt/../../common/inc/lib_sy_pt/signal_system_log.h
copy to:/home/work/dynamic_git/public/lib_base/lib_sy_pt/../../common/lib64/lib_sy_pt.a
copy to:/home/work/dynamic_git/public/lib_base/lib_sy_net/../../common/dll/lib_sy_net.so
[root@localhost lib_base]# ls
bin  cpcm.sh  lib_sy_base  lib_sy_net  lib_sy_pt  test_client  test_server
[root@localhost lib_base]# ls
bin  cpcm.sh  lib_sy_base  lib_sy_net  lib_sy_pt  test_client  test_server
[root@localhost lib_base]# cd ..
[root@localhost public]# ls
bin  common  lib_base
[root@localhost public]# rm -rf bin
[root@localhost public]# ls
common	lib_base
[root@localhost public]# ls
common	lib_base
[root@localhost public]# pwd
/home/work/dynamic_git/public
[root@localhost public]# ls
common	lib_base
[root@localhost public]# cd lib_base/
[root@localhost lib_base]# ls
bin  cpcm.sh  lib_sy_base  lib_sy_net  lib_sy_pt  test_client  test_server
[root@localhost lib_base]# ./cpcm.sh 
copy to:/home/work/dynamic_git/public/lib_base/lib_sy_base/../../common/inc/lib_sy_base/crc32.h
copy to:/home/work/dynamic_git/public/lib_base/lib_sy_base/../../common/inc/lib_sy_base/my_tools.h
copy to:/home/work/dynamic_git/public/lib_base/lib_sy_base/../../common/inc/lib_sy_base/s_map.h
copy to:/home/work/dynamic_git/public/lib_base/lib_sy_base/../../common/inc/lib_sy_base/s_list.h
copy to:/home/work/dynamic_git/public/lib_base/lib_sy_base/../../common/inc/lib_sy_base/singleton.h
copy to:/home/work/dynamic_git/public/lib_base/lib_sy_base/../../common/inc/lib_sy_base/auto_lock.h
copy to:/home/work/dynamic_git/public/lib_base/lib_sy_base/../../common/inc/lib_sy_base/s_deque.h
copy to:/home/work/dynamic_git/public/lib_base/lib_sy_base/../../common/inc/lib_sy_base/Imy_observer.h
copy to:/home/work/dynamic_git/public/lib_base/lib_sy_base/../../common/inc/lib_sy_base/Itask_manager.h
copy to:/home/work/dynamic_git/public/lib_base/lib_sy_base/../../common/inc/lib_sy_base/sy_base_def.h
copy to:/home/work/dynamic_git/public/lib_base/lib_sy_base/../../common/inc/lib_sy_base/sy_log.h
copy to:/home/work/dynamic_git/public/lib_base/lib_sy_base/../../common/inc/sy_base.h
copy to:/home/work/dynamic_git/public/lib_base/lib_sy_base/../../common/inc/lib_sy_base/sy_base_def.h
copy to:/home/work/dynamic_git/public/lib_base/lib_sy_base/../../common/lib64/lib_sy_base.a
copy to:/home/work/dynamic_git/public/lib_base/lib_sy_pt/../../common/inc/lib_sy_pt.h
copy to:/home/work/dynamic_git/public/lib_base/lib_sy_pt/../../common/inc/lib_sy_pt/sy_pt_def.h
copy to:/home/work/dynamic_git/public/lib_base/lib_sy_pt/../../common/inc/lib_sy_pt/Imediate.h
copy to:/home/work/dynamic_git/public/lib_base/lib_sy_pt/../../common/inc/lib_sy_pt/signal_factory.h
copy to:/home/work/dynamic_git/public/lib_base/lib_sy_pt/../../common/inc/lib_sy_pt/msg_heart_beat.h
copy to:/home/work/dynamic_git/public/lib_base/lib_sy_pt/../../common/inc/lib_sy_pt/msg_user.h
copy to:/home/work/dynamic_git/public/lib_base/lib_sy_pt/../../common/inc/lib_sy_pt/signal_ack_base.h
copy to:/home/work/dynamic_git/public/lib_base/lib_sy_pt/../../common/inc/lib_sy_pt/signal_base.h
copy to:/home/work/dynamic_git/public/lib_base/lib_sy_pt/../../common/inc/lib_sy_pt/signal_file_2.h
copy to:/home/work/dynamic_git/public/lib_base/lib_sy_pt/../../common/inc/lib_sy_pt/signal_group.h
copy to:/home/work/dynamic_git/public/lib_base/lib_sy_pt/../../common/inc/lib_sy_pt/signal_group_rev.h
copy to:/home/work/dynamic_git/public/lib_base/lib_sy_pt/../../common/inc/lib_sy_pt/signal_heart_beat.h
copy to:/home/work/dynamic_git/public/lib_base/lib_sy_pt/../../common/inc/lib_sy_pt/signal_point.h
copy to:/home/work/dynamic_git/public/lib_base/lib_sy_pt/../../common/inc/lib_sy_pt/signal_point_r.h
copy to:/home/work/dynamic_git/public/lib_base/lib_sy_pt/../../common/inc/lib_sy_pt/signal_register.h
copy to:/home/work/dynamic_git/public/lib_base/lib_sy_pt/../../common/inc/lib_sy_pt/signal_user_define.h
copy to:/home/work/dynamic_git/public/lib_base/lib_sy_pt/../../common/inc/lib_sy_pt/signal_system_log.h
copy to:/home/work/dynamic_git/public/lib_base/lib_sy_pt/../../common/lib64/lib_sy_pt.a
copy to:/home/work/dynamic_git/public/lib_base/lib_sy_net/../../common/dll/lib_sy_net.so
[root@localhost lib_base]# ls
bin  cpcm.sh  lib_sy_base  lib_sy_net  lib_sy_pt  test_client  test_server
[root@localhost lib_base]# ls ../../common/lib64
ls: cannot access ../../common/lib64: No such file or directory
[root@localhost lib_base]# ls ../common/lib64/
lib_sy_base.a  lib_sy_pt.a
[root@localhost lib_base]# ls
bin  cpcm.sh  lib_sy_base  lib_sy_net  lib_sy_pt  test_client  test_server
[root@localhost lib_base]# ls -all ../common/lib64
total 13192
drwxr-xr-x 2 root root       46 Apr 25 10:46 .
drwxr-xr-x 7 root root       69 Apr 25 06:17 ..
-rw-r--r-- 1 root root  2318448 Apr 25 10:46 lib_sy_base.a
-rw-r--r-- 1 root root 11185814 Apr 25 10:46 lib_sy_pt.a
[root@localhost lib_base]# ls
bin  cpcm.sh  lib_sy_base  lib_sy_net  lib_sy_pt  test_client  test_server
[root@localhost lib_base]# rm ../common/lib64/*
rm: remove regular file ‘../common/lib64/lib_sy_base.a’? y
rm: remove regular file ‘../common/lib64/lib_sy_pt.a’? y
[root@localhost lib_base]# ls
bin  cpcm.sh  lib_sy_base  lib_sy_net  lib_sy_pt  test_client  test_server
[root@localhost lib_base]# ./cpcm.sh 
copy to:/home/work/dynamic_git/public/lib_base/lib_sy_base/../../common/inc/lib_sy_base/crc32.h
copy to:/home/work/dynamic_git/public/lib_base/lib_sy_base/../../common/inc/lib_sy_base/my_tools.h
copy to:/home/work/dynamic_git/public/lib_base/lib_sy_base/../../common/inc/lib_sy_base/s_map.h
copy to:/home/work/dynamic_git/public/lib_base/lib_sy_base/../../common/inc/lib_sy_base/s_list.h
copy to:/home/work/dynamic_git/public/lib_base/lib_sy_base/../../common/inc/lib_sy_base/singleton.h
copy to:/home/work/dynamic_git/public/lib_base/lib_sy_base/../../common/inc/lib_sy_base/auto_lock.h
copy to:/home/work/dynamic_git/public/lib_base/lib_sy_base/../../common/inc/lib_sy_base/s_deque.h
copy to:/home/work/dynamic_git/public/lib_base/lib_sy_base/../../common/inc/lib_sy_base/Imy_observer.h
copy to:/home/work/dynamic_git/public/lib_base/lib_sy_base/../../common/inc/lib_sy_base/Itask_manager.h
copy to:/home/work/dynamic_git/public/lib_base/lib_sy_base/../../common/inc/lib_sy_base/sy_base_def.h
copy to:/home/work/dynamic_git/public/lib_base/lib_sy_base/../../common/inc/lib_sy_base/sy_log.h
copy to:/home/work/dynamic_git/public/lib_base/lib_sy_base/../../common/inc/sy_base.h
copy to:/home/work/dynamic_git/public/lib_base/lib_sy_base/../../common/inc/lib_sy_base/sy_base_def.h
copy to:/home/work/dynamic_git/public/lib_base/lib_sy_base/../../common/lib64/sy_base.a
copy to:/home/work/dynamic_git/public/lib_base/lib_sy_pt/../../common/inc/lib_sy_pt.h
copy to:/home/work/dynamic_git/public/lib_base/lib_sy_pt/../../common/inc/lib_sy_pt/sy_pt_def.h
copy to:/home/work/dynamic_git/public/lib_base/lib_sy_pt/../../common/inc/lib_sy_pt/Imediate.h
copy to:/home/work/dynamic_git/public/lib_base/lib_sy_pt/../../common/inc/lib_sy_pt/signal_factory.h
copy to:/home/work/dynamic_git/public/lib_base/lib_sy_pt/../../common/inc/lib_sy_pt/msg_heart_beat.h
copy to:/home/work/dynamic_git/public/lib_base/lib_sy_pt/../../common/inc/lib_sy_pt/msg_user.h
copy to:/home/work/dynamic_git/public/lib_base/lib_sy_pt/../../common/inc/lib_sy_pt/signal_ack_base.h
copy to:/home/work/dynamic_git/public/lib_base/lib_sy_pt/../../common/inc/lib_sy_pt/signal_base.h
copy to:/home/work/dynamic_git/public/lib_base/lib_sy_pt/../../common/inc/lib_sy_pt/signal_file_2.h
copy to:/home/work/dynamic_git/public/lib_base/lib_sy_pt/../../common/inc/lib_sy_pt/signal_group.h
copy to:/home/work/dynamic_git/public/lib_base/lib_sy_pt/../../common/inc/lib_sy_pt/signal_group_rev.h
copy to:/home/work/dynamic_git/public/lib_base/lib_sy_pt/../../common/inc/lib_sy_pt/signal_heart_beat.h
copy to:/home/work/dynamic_git/public/lib_base/lib_sy_pt/../../common/inc/lib_sy_pt/signal_point.h
copy to:/home/work/dynamic_git/public/lib_base/lib_sy_pt/../../common/inc/lib_sy_pt/signal_point_r.h
copy to:/home/work/dynamic_git/public/lib_base/lib_sy_pt/../../common/inc/lib_sy_pt/signal_register.h
copy to:/home/work/dynamic_git/public/lib_base/lib_sy_pt/../../common/inc/lib_sy_pt/signal_user_define.h
copy to:/home/work/dynamic_git/public/lib_base/lib_sy_pt/../../common/inc/lib_sy_pt/signal_system_log.h
copy to:/home/work/dynamic_git/public/lib_base/lib_sy_pt/../../common/lib64/sy_pt.a
copy to:/home/work/dynamic_git/public/lib_base/lib_sy_net/../../common/dll/sy_net.so
[root@localhost lib_base]# ls
bin  cpcm.sh  lib_sy_base  lib_sy_net  lib_sy_pt  test_client  test_server
[root@localhost lib_base]# ls
bin  cpcm.sh  lib_sy_base  lib_sy_net  lib_sy_pt  test_client  test_server
[root@localhost lib_base]# ls ../common/dll
lib_sy_net.so  sy_net.so
[root@localhost lib_base]# rm ../common/dll/*
rm: remove regular file ‘../common/dll/lib_sy_net.so’? y
rm: remove regular file ‘../common/dll/sy_net.so’? n
[root@localhost lib_base]# ls
bin  cpcm.sh  lib_sy_base  lib_sy_net  lib_sy_pt  test_client  test_server
[root@localhost lib_base]# ls
bin  cpcm.sh  lib_sy_base  lib_sy_net  lib_sy_pt  test_client  test_server
[root@localhost lib_base]# ./cpcm.sh 
copy to:/home/work/dynamic_git/public/lib_base/lib_sy_base/../../common/inc/lib_sy_base/crc32.h
copy to:/home/work/dynamic_git/public/lib_base/lib_sy_base/../../common/inc/lib_sy_base/my_tools.h
copy to:/home/work/dynamic_git/public/lib_base/lib_sy_base/../../common/inc/lib_sy_base/s_map.h
copy to:/home/work/dynamic_git/public/lib_base/lib_sy_base/../../common/inc/lib_sy_base/s_list.h
copy to:/home/work/dynamic_git/public/lib_base/lib_sy_base/../../common/inc/lib_sy_base/singleton.h
copy to:/home/work/dynamic_git/public/lib_base/lib_sy_base/../../common/inc/lib_sy_base/auto_lock.h
copy to:/home/work/dynamic_git/public/lib_base/lib_sy_base/../../common/inc/lib_sy_base/s_deque.h
copy to:/home/work/dynamic_git/public/lib_base/lib_sy_base/../../common/inc/lib_sy_base/Imy_observer.h
copy to:/home/work/dynamic_git/public/lib_base/lib_sy_base/../../common/inc/lib_sy_base/Itask_manager.h
copy to:/home/work/dynamic_git/public/lib_base/lib_sy_base/../../common/inc/lib_sy_base/sy_base_def.h
copy to:/home/work/dynamic_git/public/lib_base/lib_sy_base/../../common/inc/lib_sy_base/sy_log.h
copy to:/home/work/dynamic_git/public/lib_base/lib_sy_base/../../common/inc/sy_base.h
copy to:/home/work/dynamic_git/public/lib_base/lib_sy_base/../../common/inc/lib_sy_base/sy_base_def.h
copy to:/home/work/dynamic_git/public/lib_base/lib_sy_base/../../common/lib64/lib_sy_base.a
copy to:/home/work/dynamic_git/public/lib_base/lib_sy_pt/../../common/inc/lib_sy_pt.h
copy to:/home/work/dynamic_git/public/lib_base/lib_sy_pt/../../common/inc/lib_sy_pt/sy_pt_def.h
copy to:/home/work/dynamic_git/public/lib_base/lib_sy_pt/../../common/inc/lib_sy_pt/Imediate.h
copy to:/home/work/dynamic_git/public/lib_base/lib_sy_pt/../../common/inc/lib_sy_pt/signal_factory.h
copy to:/home/work/dynamic_git/public/lib_base/lib_sy_pt/../../common/inc/lib_sy_pt/msg_heart_beat.h
copy to:/home/work/dynamic_git/public/lib_base/lib_sy_pt/../../common/inc/lib_sy_pt/msg_user.h
copy to:/home/work/dynamic_git/public/lib_base/lib_sy_pt/../../common/inc/lib_sy_pt/signal_ack_base.h
copy to:/home/work/dynamic_git/public/lib_base/lib_sy_pt/../../common/inc/lib_sy_pt/signal_base.h
copy to:/home/work/dynamic_git/public/lib_base/lib_sy_pt/../../common/inc/lib_sy_pt/signal_file_2.h
copy to:/home/work/dynamic_git/public/lib_base/lib_sy_pt/../../common/inc/lib_sy_pt/signal_group.h
copy to:/home/work/dynamic_git/public/lib_base/lib_sy_pt/../../common/inc/lib_sy_pt/signal_group_rev.h
copy to:/home/work/dynamic_git/public/lib_base/lib_sy_pt/../../common/inc/lib_sy_pt/signal_heart_beat.h
copy to:/home/work/dynamic_git/public/lib_base/lib_sy_pt/../../common/inc/lib_sy_pt/signal_point.h
copy to:/home/work/dynamic_git/public/lib_base/lib_sy_pt/../../common/inc/lib_sy_pt/signal_point_r.h
copy to:/home/work/dynamic_git/public/lib_base/lib_sy_pt/../../common/inc/lib_sy_pt/signal_register.h
copy to:/home/work/dynamic_git/public/lib_base/lib_sy_pt/../../common/inc/lib_sy_pt/signal_user_define.h
copy to:/home/work/dynamic_git/public/lib_base/lib_sy_pt/../../common/inc/lib_sy_pt/signal_system_log.h
copy to:/home/work/dynamic_git/public/lib_base/lib_sy_pt/../../common/lib64/lib_sy_pt.a
copy to:/home/work/dynamic_git/public/lib_base/lib_sy_net/../../common/dll/lib_sy_net.so
[root@localhost lib_base]# ls
bin  cpcm.sh  lib_sy_base  lib_sy_net  lib_sy_pt  test_client  test_server
[root@localhost lib_base]# ls
bin  cpcm.sh  lib_sy_base  lib_sy_net  lib_sy_pt  test_client  test_server
[root@localhost lib_base]# ls
bin  cpcm.sh  lib_sy_base  lib_sy_net  lib_sy_pt  test_client  test_server
[root@localhost lib_base]# ./cpcm.sh 
copy to:/home/work/dynamic_git/public/lib_base/lib_sy_base/../../common/inc/lib_sy_base/crc32.h
copy to:/home/work/dynamic_git/public/lib_base/lib_sy_base/../../common/inc/lib_sy_base/my_tools.h
copy to:/home/work/dynamic_git/public/lib_base/lib_sy_base/../../common/inc/lib_sy_base/s_map.h
copy to:/home/work/dynamic_git/public/lib_base/lib_sy_base/../../common/inc/lib_sy_base/s_list.h
copy to:/home/work/dynamic_git/public/lib_base/lib_sy_base/../../common/inc/lib_sy_base/singleton.h
copy to:/home/work/dynamic_git/public/lib_base/lib_sy_base/../../common/inc/lib_sy_base/auto_lock.h
copy to:/home/work/dynamic_git/public/lib_base/lib_sy_base/../../common/inc/lib_sy_base/s_deque.h
copy to:/home/work/dynamic_git/public/lib_base/lib_sy_base/../../common/inc/lib_sy_base/Imy_observer.h
copy to:/home/work/dynamic_git/public/lib_base/lib_sy_base/../../common/inc/lib_sy_base/Itask_manager.h
copy to:/home/work/dynamic_git/public/lib_base/lib_sy_base/../../common/inc/lib_sy_base/sy_base_def.h
copy to:/home/work/dynamic_git/public/lib_base/lib_sy_base/../../common/inc/lib_sy_base/sy_log.h
copy to:/home/work/dynamic_git/public/lib_base/lib_sy_base/../../common/inc/sy_base.h
copy to:/home/work/dynamic_git/public/lib_base/lib_sy_base/../../common/inc/lib_sy_base/sy_base_def.h
copy to:/home/work/dynamic_git/public/lib_base/lib_sy_base/../../common/lib64/lib_sy_base.a
copy to:/home/work/dynamic_git/public/lib_base/lib_sy_pt/../../common/inc/lib_sy_pt.h
copy to:/home/work/dynamic_git/public/lib_base/lib_sy_pt/../../common/inc/lib_sy_pt/sy_pt_def.h
copy to:/home/work/dynamic_git/public/lib_base/lib_sy_pt/../../common/inc/lib_sy_pt/Imediate.h
copy to:/home/work/dynamic_git/public/lib_base/lib_sy_pt/../../common/inc/lib_sy_pt/signal_factory.h
copy to:/home/work/dynamic_git/public/lib_base/lib_sy_pt/../../common/inc/lib_sy_pt/msg_heart_beat.h
copy to:/home/work/dynamic_git/public/lib_base/lib_sy_pt/../../common/inc/lib_sy_pt/msg_user.h
copy to:/home/work/dynamic_git/public/lib_base/lib_sy_pt/../../common/inc/lib_sy_pt/signal_ack_base.h
copy to:/home/work/dynamic_git/public/lib_base/lib_sy_pt/../../common/inc/lib_sy_pt/signal_base.h
copy to:/home/work/dynamic_git/public/lib_base/lib_sy_pt/../../common/inc/lib_sy_pt/signal_file_2.h
copy to:/home/work/dynamic_git/public/lib_base/lib_sy_pt/../../common/inc/lib_sy_pt/signal_group.h
copy to:/home/work/dynamic_git/public/lib_base/lib_sy_pt/../../common/inc/lib_sy_pt/signal_group_rev.h
copy to:/home/work/dynamic_git/public/lib_base/lib_sy_pt/../../common/inc/lib_sy_pt/signal_heart_beat.h
copy to:/home/work/dynamic_git/public/lib_base/lib_sy_pt/../../common/inc/lib_sy_pt/signal_point.h
copy to:/home/work/dynamic_git/public/lib_base/lib_sy_pt/../../common/inc/lib_sy_pt/signal_point_r.h
copy to:/home/work/dynamic_git/public/lib_base/lib_sy_pt/../../common/inc/lib_sy_pt/signal_register.h
copy to:/home/work/dynamic_git/public/lib_base/lib_sy_pt/../../common/inc/lib_sy_pt/signal_user_define.h
copy to:/home/work/dynamic_git/public/lib_base/lib_sy_pt/../../common/inc/lib_sy_pt/signal_system_log.h
copy to:/home/work/dynamic_git/public/lib_base/lib_sy_pt/../../common/lib64/lib_sy_pt.a
copy to:/home/work/dynamic_git/public/lib_base/lib_sy_net/../../common/dll/lib_sy_net.so
[root@localhost lib_base]# ls
bin  cpcm.sh  lib_sy_base  lib_sy_net  lib_sy_pt  test_client  test_server
You have new mail in /var/spool/mail/root
[root@localhost lib_base]# ./cpcm.sh 
copy to:/home/work/dynamic_git/public/lib_base/lib_sy_base/../../common/inc/lib_sy_base/crc32.h
copy to:/home/work/dynamic_git/public/lib_base/lib_sy_base/../../common/inc/lib_sy_base/my_tools.h
copy to:/home/work/dynamic_git/public/lib_base/lib_sy_base/../../common/inc/lib_sy_base/s_map.h
copy to:/home/work/dynamic_git/public/lib_base/lib_sy_base/../../common/inc/lib_sy_base/s_list.h
copy to:/home/work/dynamic_git/public/lib_base/lib_sy_base/../../common/inc/lib_sy_base/singleton.h
copy to:/home/work/dynamic_git/public/lib_base/lib_sy_base/../../common/inc/lib_sy_base/auto_lock.h
copy to:/home/work/dynamic_git/public/lib_base/lib_sy_base/../../common/inc/lib_sy_base/s_deque.h
copy to:/home/work/dynamic_git/public/lib_base/lib_sy_base/../../common/inc/lib_sy_base/Imy_observer.h
copy to:/home/work/dynamic_git/public/lib_base/lib_sy_base/../../common/inc/lib_sy_base/Itask_manager.h
copy to:/home/work/dynamic_git/public/lib_base/lib_sy_base/../../common/inc/lib_sy_base/sy_base_def.h
copy to:/home/work/dynamic_git/public/lib_base/lib_sy_base/../../common/inc/lib_sy_base/sy_log.h
copy to:/home/work/dynamic_git/public/lib_base/lib_sy_base/../../common/inc/sy_base.h
copy to:/home/work/dynamic_git/public/lib_base/lib_sy_base/../../common/inc/lib_sy_base/sy_base_def.h
copy to:/home/work/dynamic_git/public/lib_base/lib_sy_base/../../common/lib64/lib_sy_base.a
copy to:/home/work/dynamic_git/public/lib_base/lib_sy_pt/../../common/inc/lib_sy_pt.h
copy to:/home/work/dynamic_git/public/lib_base/lib_sy_pt/../../common/inc/lib_sy_pt/sy_pt_def.h
copy to:/home/work/dynamic_git/public/lib_base/lib_sy_pt/../../common/inc/lib_sy_pt/Imediate.h
copy to:/home/work/dynamic_git/public/lib_base/lib_sy_pt/../../common/inc/lib_sy_pt/signal_factory.h
copy to:/home/work/dynamic_git/public/lib_base/lib_sy_pt/../../common/inc/lib_sy_pt/msg_heart_beat.h
copy to:/home/work/dynamic_git/public/lib_base/lib_sy_pt/../../common/inc/lib_sy_pt/msg_user.h
copy to:/home/work/dynamic_git/public/lib_base/lib_sy_pt/../../common/inc/lib_sy_pt/signal_ack_base.h
copy to:/home/work/dynamic_git/public/lib_base/lib_sy_pt/../../common/inc/lib_sy_pt/signal_base.h
copy to:/home/work/dynamic_git/public/lib_base/lib_sy_pt/../../common/inc/lib_sy_pt/signal_file_2.h
copy to:/home/work/dynamic_git/public/lib_base/lib_sy_pt/../../common/inc/lib_sy_pt/signal_group.h
copy to:/home/work/dynamic_git/public/lib_base/lib_sy_pt/../../common/inc/lib_sy_pt/signal_group_rev.h
copy to:/home/work/dynamic_git/public/lib_base/lib_sy_pt/../../common/inc/lib_sy_pt/signal_heart_beat.h
copy to:/home/work/dynamic_git/public/lib_base/lib_sy_pt/../../common/inc/lib_sy_pt/signal_point.h
copy to:/home/work/dynamic_git/public/lib_base/lib_sy_pt/../../common/inc/lib_sy_pt/signal_point_r.h
copy to:/home/work/dynamic_git/public/lib_base/lib_sy_pt/../../common/inc/lib_sy_pt/signal_register.h
copy to:/home/work/dynamic_git/public/lib_base/lib_sy_pt/../../common/inc/lib_sy_pt/signal_user_define.h
copy to:/home/work/dynamic_git/public/lib_base/lib_sy_pt/../../common/inc/lib_sy_pt/signal_system_log.h
copy to:/home/work/dynamic_git/public/lib_base/lib_sy_pt/../../common/lib64/lib_sy_pt.a
copy to:/home/work/dynamic_git/public/lib_base/lib_sy_net/../../common/dll/lib_sy_net.so
[root@localhost lib_base]# ./cpcm.sh 
copy to:/home/work/dynamic_git/public/lib_base/lib_sy_base/../../common/inc/lib_sy_base/crc32.h
copy to:/home/work/dynamic_git/public/lib_base/lib_sy_base/../../common/inc/lib_sy_base/my_tools.h
copy to:/home/work/dynamic_git/public/lib_base/lib_sy_base/../../common/inc/lib_sy_base/s_map.h
copy to:/home/work/dynamic_git/public/lib_base/lib_sy_base/../../common/inc/lib_sy_base/s_list.h
copy to:/home/work/dynamic_git/public/lib_base/lib_sy_base/../../common/inc/lib_sy_base/singleton.h
copy to:/home/work/dynamic_git/public/lib_base/lib_sy_base/../../common/inc/lib_sy_base/auto_lock.h
copy to:/home/work/dynamic_git/public/lib_base/lib_sy_base/../../common/inc/lib_sy_base/s_deque.h
copy to:/home/work/dynamic_git/public/lib_base/lib_sy_base/../../common/inc/lib_sy_base/Imy_observer.h
copy to:/home/work/dynamic_git/public/lib_base/lib_sy_base/../../common/inc/lib_sy_base/Itask_manager.h
copy to:/home/work/dynamic_git/public/lib_base/lib_sy_base/../../common/inc/lib_sy_base/sy_base_def.h
copy to:/home/work/dynamic_git/public/lib_base/lib_sy_base/../../common/inc/lib_sy_base/sy_log.h
copy to:/home/work/dynamic_git/public/lib_base/lib_sy_base/../../common/inc/sy_base.h
copy to:/home/work/dynamic_git/public/lib_base/lib_sy_base/../../common/inc/lib_sy_base/sy_base_def.h
copy to:/home/work/dynamic_git/public/lib_base/lib_sy_base/../../common/lib64/lib_sy_base.a
copy to:/home/work/dynamic_git/public/lib_base/lib_sy_pt/../../common/inc/lib_sy_pt.h
copy to:/home/work/dynamic_git/public/lib_base/lib_sy_pt/../../common/inc/lib_sy_pt/sy_pt_def.h
copy to:/home/work/dynamic_git/public/lib_base/lib_sy_pt/../../common/inc/lib_sy_pt/Imediate.h
copy to:/home/work/dynamic_git/public/lib_base/lib_sy_pt/../../common/inc/lib_sy_pt/signal_factory.h
copy to:/home/work/dynamic_git/public/lib_base/lib_sy_pt/../../common/inc/lib_sy_pt/msg_heart_beat.h
copy to:/home/work/dynamic_git/public/lib_base/lib_sy_pt/../../common/inc/lib_sy_pt/msg_user.h
copy to:/home/work/dynamic_git/public/lib_base/lib_sy_pt/../../common/inc/lib_sy_pt/signal_ack_base.h
copy to:/home/work/dynamic_git/public/lib_base/lib_sy_pt/../../common/inc/lib_sy_pt/signal_base.h
copy to:/home/work/dynamic_git/public/lib_base/lib_sy_pt/../../common/inc/lib_sy_pt/signal_file_2.h
copy to:/home/work/dynamic_git/public/lib_base/lib_sy_pt/../../common/inc/lib_sy_pt/signal_group.h
copy to:/home/work/dynamic_git/public/lib_base/lib_sy_pt/../../common/inc/lib_sy_pt/signal_group_rev.h
copy to:/home/work/dynamic_git/public/lib_base/lib_sy_pt/../../common/inc/lib_sy_pt/signal_heart_beat.h
copy to:/home/work/dynamic_git/public/lib_base/lib_sy_pt/../../common/inc/lib_sy_pt/signal_point.h
copy to:/home/work/dynamic_git/public/lib_base/lib_sy_pt/../../common/inc/lib_sy_pt/signal_point_r.h
copy to:/home/work/dynamic_git/public/lib_base/lib_sy_pt/../../common/inc/lib_sy_pt/signal_register.h
copy to:/home/work/dynamic_git/public/lib_base/lib_sy_pt/../../common/inc/lib_sy_pt/signal_user_define.h
copy to:/home/work/dynamic_git/public/lib_base/lib_sy_pt/../../common/inc/lib_sy_pt/signal_system_log.h
copy to:/home/work/dynamic_git/public/lib_base/lib_sy_pt/../../common/lib64/lib_sy_pt.a
copy to:/home/work/dynamic_git/public/lib_base/lib_sy_net/../../common/dll/lib_sy_net.so
[root@localhost lib_base]# ls
bin  cpcm.sh  lib_sy_base  lib_sy_net  lib_sy_pt  test_client  test_server
[root@localhost lib_base]# pwd
/home/work/dynamic_git/public/lib_base
[root@localhost lib_base]# cp /home/cpan/dynamic_svn/public/lib_base/test_sy_client/config.xml ./test_client/
[root@localhost lib_base]# cp /home/cpan/dynamic_svn/public/lib_base/test_sy_server/config.xml ./test_server/
[root@localhost lib_base]# ls
bin  cpcm.sh  lib_sy_base  lib_sy_net  lib_sy_pt  test_client  test_server
[root@localhost lib_base]# ls
bin  cpcm.sh  lib_sy_base  lib_sy_net  lib_sy_pt  test_client  test_server
[root@localhost lib_base]# lib_test
bash: lib_test: command not found...
[root@localhost lib_base]# ls
bin  cpcm.sh  lib_sy_base  lib_sy_net  lib_sy_pt  test_client  test_server
[root@localhost lib_base]# ls
bin  cpcm.sh  lib_sy_base  lib_sy_net  lib_sy_pt  test_client  test_server
[root@localhost lib_base]# cp test_client/main_window.* test_server/
cp: overwrite ‘test_server/main_window.cpp’? y
cp: overwrite ‘test_server/main_window.h’? y
cp: overwrite ‘test_server/main_window.ui’? y
[root@localhost lib_base]# ls
bin  cpcm.sh  lib_sy_base  lib_sy_net  lib_sy_pt  test_client  test_server
[root@localhost lib_base]# ls
bin  cpcm.sh  lib_sy_base  lib_sy_net  lib_sy_pt  test_client  test_server
[root@localhost lib_base]# cp ../common/lib_boost/ bin/test_client/
cp: omitting directory ‘../common/lib_boost/’
[root@localhost lib_base]# cp ../common/lib_boost/* bin/test_client/
[root@localhost lib_base]# ls
bin  cpcm.sh  lib_sy_base  lib_sy_net  lib_sy_pt  test_client  test_server
[root@localhost lib_base]# ./cpcm.sh 
copy to:/home/work/dynamic_git/public/lib_base/lib_sy_base/../../common/inc/lib_sy_base/crc32.h
copy to:/home/work/dynamic_git/public/lib_base/lib_sy_base/../../common/inc/lib_sy_base/my_tools.h
copy to:/home/work/dynamic_git/public/lib_base/lib_sy_base/../../common/inc/lib_sy_base/s_map.h
copy to:/home/work/dynamic_git/public/lib_base/lib_sy_base/../../common/inc/lib_sy_base/s_list.h
copy to:/home/work/dynamic_git/public/lib_base/lib_sy_base/../../common/inc/lib_sy_base/singleton.h
copy to:/home/work/dynamic_git/public/lib_base/lib_sy_base/../../common/inc/lib_sy_base/auto_lock.h
copy to:/home/work/dynamic_git/public/lib_base/lib_sy_base/../../common/inc/lib_sy_base/s_deque.h
copy to:/home/work/dynamic_git/public/lib_base/lib_sy_base/../../common/inc/lib_sy_base/Imy_observer.h
copy to:/home/work/dynamic_git/public/lib_base/lib_sy_base/../../common/inc/lib_sy_base/Itask_manager.h
copy to:/home/work/dynamic_git/public/lib_base/lib_sy_base/../../common/inc/lib_sy_base/sy_base_def.h
copy to:/home/work/dynamic_git/public/lib_base/lib_sy_base/../../common/inc/lib_sy_base/sy_log.h
copy to:/home/work/dynamic_git/public/lib_base/lib_sy_base/../../common/inc/sy_base.h
copy to:/home/work/dynamic_git/public/lib_base/lib_sy_base/../../common/inc/lib_sy_base/sy_base_def.h
copy to:/home/work/dynamic_git/public/lib_base/lib_sy_base/../../common/lib64/lib_sy_base.a
copy to:/home/work/dynamic_git/public/lib_base/lib_sy_pt/../../common/inc/lib_sy_pt.h
copy to:/home/work/dynamic_git/public/lib_base/lib_sy_pt/../../common/inc/lib_sy_pt/sy_pt_def.h
copy to:/home/work/dynamic_git/public/lib_base/lib_sy_pt/../../common/inc/lib_sy_pt/Imediate.h
copy to:/home/work/dynamic_git/public/lib_base/lib_sy_pt/../../common/inc/lib_sy_pt/signal_factory.h
copy to:/home/work/dynamic_git/public/lib_base/lib_sy_pt/../../common/inc/lib_sy_pt/msg_heart_beat.h
copy to:/home/work/dynamic_git/public/lib_base/lib_sy_pt/../../common/inc/lib_sy_pt/msg_user.h
copy to:/home/work/dynamic_git/public/lib_base/lib_sy_pt/../../common/inc/lib_sy_pt/signal_ack_base.h
copy to:/home/work/dynamic_git/public/lib_base/lib_sy_pt/../../common/inc/lib_sy_pt/signal_base.h
copy to:/home/work/dynamic_git/public/lib_base/lib_sy_pt/../../common/inc/lib_sy_pt/signal_file_2.h
copy to:/home/work/dynamic_git/public/lib_base/lib_sy_pt/../../common/inc/lib_sy_pt/signal_group.h
copy to:/home/work/dynamic_git/public/lib_base/lib_sy_pt/../../common/inc/lib_sy_pt/signal_group_rev.h
copy to:/home/work/dynamic_git/public/lib_base/lib_sy_pt/../../common/inc/lib_sy_pt/signal_heart_beat.h
copy to:/home/work/dynamic_git/public/lib_base/lib_sy_pt/../../common/inc/lib_sy_pt/signal_point.h
copy to:/home/work/dynamic_git/public/lib_base/lib_sy_pt/../../common/inc/lib_sy_pt/signal_point_r.h
copy to:/home/work/dynamic_git/public/lib_base/lib_sy_pt/../../common/inc/lib_sy_pt/signal_register.h
copy to:/home/work/dynamic_git/public/lib_base/lib_sy_pt/../../common/inc/lib_sy_pt/signal_user_define.h
copy to:/home/work/dynamic_git/public/lib_base/lib_sy_pt/../../common/inc/lib_sy_pt/signal_system_log.h
copy to:/home/work/dynamic_git/public/lib_base/lib_sy_pt/../../common/lib64/lib_sy_pt.a
copy to:/home/work/dynamic_git/public/lib_base/lib_sy_net/../../common/dll/lib_sy_net.so
[root@localhost lib_base]# ls
bin  cpcm.sh  lib_sy_base  lib_sy_net  lib_sy_pt  test_client  test_server
[root@localhost lib_base]# emacs &
[1] 23516
[root@localhost lib_base]# ls
bin  cpcm.sh  lib_sy_base  lib_sy_net  lib_sy_pt  test_client  test_server
[root@localhost lib_base]# ls bin
lib_sy_base  lib_sy_net  lib_sy_pt  test_client  test_server
[root@localhost lib_base]# ls bin test_client/
bin:
lib_sy_base  lib_sy_net  lib_sy_pt  test_client  test_server

test_client/:
config.xml	    main.cpp		      main_window.ui   test_client.pro.user
config.xml~	    main_window.cpp	      sy_mediator.cpp
host_colleague.cpp  main_window.cpp.autosave  sy_mediator.h
host_colleague.h    main_window.h	      test_client.pro
[root@localhost lib_base]# pwd
/home/work/dynamic_git/public/lib_base
[root@localhost lib_base]# ls
bin  cpcm.sh  lib_sy_base  lib_sy_net  lib_sy_pt  test_client  test_server
[root@localhost lib_basels bin/test_client/
host_colleague.o	       libboost_numpy27.so
libboost_atomic.a	       libboost_numpy27.so.1.67.0
libboost_atomic.so	       libboost_prg_exec_monitor.a
libboost_atomic.so.1.67.0      libboost_prg_exec_monitor.so
libboost_chrono.a	       libboost_prg_exec_monitor.so.1.67.0
libboost_chrono.so	       libboost_program_options.a
libboost_chrono.so.1.67.0      libboost_program_options.so
libboost_container.a	       libboost_program_options.so.1.67.0
libboost_container.so	       libboost_python27.a
libboost_container.so.1.67.0   libboost_python27.so
libboost_context.a	       libboost_python27.so.1.67.0
libboost_context.so	       libboost_random.a
libboost_context.so.1.67.0     libboost_random.so
libboost_contract.a	       libboost_random.so.1.67.0
libboost_contract.so	       libboost_regex.a
libboost_contract.so.1.67.0    libboost_regex.so
libboost_coroutine.a	       libboost_regex.so.1.67.0
libboost_coroutine.so	       libboost_serialization.a
libboost_coroutine.so.1.67.0   libboost_serialization.so
libboost_date_time.a	       libboost_serialization.so.1.67.0
libboost_date_time.so	       libboost_signals.a
libboost_date_time.so.1.67.0   libboost_signals.so
libboost_exception.a	       libboost_signals.so.1.67.0
libboost_fiber.a	       libboost_stacktrace_addr2line.a
libboost_fiber.so	       libboost_stacktrace_addr2line.so
libboost_fiber.so.1.67.0       libboost_stacktrace_addr2line.so.1.67.0
libboost_filesystem.a	       libboost_stacktrace_basic.a
libboost_filesystem.so	       libboost_stacktrace_basic.so
libboost_filesystem.so.1.67.0  libboost_stacktrace_basic.so.1.67.0
libboost_graph.a	       libboost_stacktrace_noop.a
libboost_graph.so	       libboost_stacktrace_noop.so
libboost_graph.so.1.67.0       libboost_stacktrace_noop.so.1.67.0
libboost_iostreams.a	       libboost_system.a
libboost_iostreams.so	       libboost_system.so
libboost_iostreams.so.1.67.0   libboost_system.so.1.67.0
libboost_locale.a	       libboost_test_exec_monitor.a
libboost_locale.so	       libboost_thread.a
libboost_locale.so.1.67.0      libboost_thread.so
libboost_log.a		       libboost_thread.so.1.67.0
libboost_log_setup.a	       libboost_timer.a
libboost_log_setup.so	       libboost_timer.so
libboost_log_setup.so.1.67.0   libboost_timer.so.1.67.0
libboost_log.so		       libboost_type_erasure.a
libboost_log.so.1.67.0	       libboost_type_erasure.so
libboost_math_c99.a	       libboost_type_erasure.so.1.67.0
libboost_math_c99f.a	       libboost_unit_test_framework.a
libboost_math_c99f.so	       libboost_unit_test_framework.so
libboost_math_c99f.so.1.67.0   libboost_unit_test_framework.so.1.67.0
libboost_math_c99l.a	       libboost_wave.a
libboost_math_c99l.so	       libboost_wave.so
libboost_math_c99l.so.1.67.0   libboost_wave.so.1.67.0
libboost_math_c99.so	       libboost_wserialization.a
libboost_math_c99.so.1.67.0    libboost_wserialization.so
libboost_math_tr1.a	       libboost_wserialization.so.1.67.0
libboost_math_tr1f.a	       main.o
libboost_math_tr1f.so	       main_window.o
libboost_math_tr1f.so.1.67.0   Makefile
libboost_math_tr1l.a	       moc_main_window.cpp
libboost_math_tr1l.so	       moc_main_window.o
libboost_math_tr1l.so.1.67.0   moc_predefs.h
libboost_math_tr1.so	       sy_mediator.o
libboost_math_tr1.so.1.67.0    test_client
libboost_numpy27.a	       ui_main_window.h
[root@localhost lib_base]# libboost_filesystem.a	       libboost_stacktrace_basic.a
libboost_filesystem.so	       libboost_stacktrace_basic.so
libboost_filesystem.so.1.67.0  libboost_stacktrace_basic.so.1.67.0
libboost_graph.a	       libboost_stacktrace_noop.a
libboost_graph.so	       libboost_stacktrace_noop.so
libboost_graph.so.1.67.0       libboost_stacktrace_noop.so.1.67.0
libboost_iostreams.a	       libboost_system.a
libboost_iostreams.so	       libboost_system.so
libboost_iostreams.so.1.67.0   libboost_system.so.1.67.0
libboost_locale.a	       libboost_test_exec_monitor.a
libboost_locale.so	       libboost_thread.a
libboost_locale.so.1.67.0      libboost_thread.so
libboost_log.a		       libboost_thread.so.1.67.0
libboost_log_setup.a	       libboost_timer.a
libboost_log_setup.so	       libboost_timer.so
libboost_log_setup.so.1.67.0   libboost_timer.so.1.67.0
libboost_log.so		       libboost_type_erasure.a
libboost_log.so.1.67.0	       libboost_type_erasure.so
libboost_math_c99.a	       libboost_type_erasure.so.1.67.0
libboost_math_c99f.a	       libboost_unit_test_framework.a
libboost_math_c99f.so	       libboost_unit_test_framework.so
libboost_math_c99f.so.1.67.0   libboost_unit_test_framework.so.1.67.0
libboost_math_c99l.a	       libboost_wave.a
libboost_math_c99l.so	       libboost_wave.so
libboost_math_c99l.so.1.67.0   libboost_wave.so.1.67.0
libboost_math_c99.so	       libboost_wserialization.a
libboost_math_c99.so.1.67.0    libboost_wserialization.so
libboost_math_tr1.a	       libboost_wserialization.so.1.67.0
libboost_math_tr1f.a	       main.o
libboost_math_tr1f.so	       main_window.o
libboost_math_tr1f.so.1.67.0   Makefile
libboost_math_tr1l.a	       moc_main_window.cpp
libboost_math_tr1l.so	       moc_main_window.o
libboost_math_tr1l.so.1.67.0   moc_predefs.h
libboost_math_tr1.so	       sy_mediator.o
libboost_math_tr1.so.1.67.0    test_client
libboost_numpy27.a	       ui_main_window.h
[root@localhost lib_base]# 
bash: libboost_filesystem.a: command not found...
[root@localhost lib_base]# bash: libboost_filesystem.so: command not found...
[root@localhost lib_base]# bash: libboost_filesystem.so.1.67.0: command not found...
[root@localhost lib_base]# bash: libboost_graph.a: command not found...
[root@localhost lib_base]# bash: libboost_graph.so: command not found...
[root@localhost lib_base]# bash: libboost_graph.so.1.67.0: command not found...
[root@localhost lib_base]# bash: libboost_iostreams.a: command not found...
[root@localhost lib_base]# bash: libboost_iostreams.so: command not found...
[root@localhost lib_base]# bash: libboost_iostreams.so.1.67.0: command not found...
[root@localhost lib_base]# bash: libboost_locale.a: command not found...
[root@localhost lib_base]# bash: libboost_locale.so: command not found...
[root@localhost lib_base]# bash: libboost_locale.so.1.67.0: command not found...
[root@localhost lib_base]# bash: libboost_log.a: command not found...
[root@localhost lib_base]# bash: libboost_log_setup.a: command not found...
[root@localhost lib_base]# bash: libboost_log_setup.so: command not found...
[root@localhost lib_base]# bash: libboost_log_setup.so.1.67.0: command not found...
[root@localhost lib_base]# bash: libboost_log.so: command not found...
[root@localhost lib_base]# bash: libboost_log.so.1.67.0: command not found...
[root@localhost lib_base]# bash: libboost_math_c99.a: command not found...
[root@localhost lib_base]# bash: libboost_math_c99f.a: command not found...
[root@localhost lib_base]# bash: libboost_math_c99f.so: command not found...
[root@localhost lib_base]# bash: libboost_math_c99f.so.1.67.0: command not found...
[root@localhost lib_base]# bash: libboost_math_c99l.a: command not found...
[root@localhost lib_base]# bash: libboost_math_c99l.so: command not found...
[root@localhost lib_base]# bash: libboost_math_c99l.so.1.67.0: command not found...
[root@localhost lib_base]# bash: libboost_math_c99.so: command not found...
[root@localhost lib_base]# bash: libboost_math_c99.so.1.67.0: command not found...
[root@localhost lib_base]# bash: libboost_math_tr1.a: command not found...
[root@localhost lib_base]# bash: libboost_math_tr1f.a: command not found...
[root@localhost lib_base]# bash: libboost_math_tr1f.so: command not found...
[root@localhost lib_base]# bash: libboost_math_tr1f.so.1.67.0: command not found...
[root@localhost lib_base]# bash: libboost_math_tr1l.a: command not found...
[root@localhost lib_base]# bash: libboost_math_tr1l.so: command not found...
[root@localhost lib_base]# bash: libboost_math_tr1l.so.1.67.0: command not found...
[root@localhost lib_base]# bash: libboost_math_tr1.so: command not found...
[root@localhost lib_base]# bash: libboost_math_tr1.so.1.67.0: command not found...
[root@localhost lib_base]# bash: libboost_numpy27.a: command not found...
[root@localhost lib_base]# bash: [root@localhost: command not found...
[root@localhost lib_base]# 
[root@localhost lib_base]# 
[root@localhost lib_base]# 
[root@localhost lib_base]# ls
bin  cpcm.sh  lib_sy_base  lib_sy_net  lib_sy_pt  test_client  test_server
[root@localhost lib_base]# ls ../common/inc
boost  boost_ptr.h  lib_sy_base  lib_sy_pt  lib_sy_pt.h  sy_base.h
[root@localhost lib_base]# rm ../common/inc/lib_sy_pt.h 
rm: remove regular file ‘../common/inc/lib_sy_pt.h’? y
[root@localhost lib_base]# ls
bin  cpcm.sh  lib_sy_base  lib_sy_net  lib_sy_pt  test_client  test_server
[root@localhost lib_base]# ls
bin  cpcm.sh  lib_sy_base  lib_sy_net  lib_sy_pt  test_client  test_server
[root@localhost lib_base]# ./cpcm.sh 
copy to:/home/work/dynamic_git/public/lib_base/lib_sy_base/../../common/inc/lib_sy_base/crc32.h
copy to:/home/work/dynamic_git/public/lib_base/lib_sy_base/../../common/inc/lib_sy_base/my_tools.h
copy to:/home/work/dynamic_git/public/lib_base/lib_sy_base/../../common/inc/lib_sy_base/s_map.h
copy to:/home/work/dynamic_git/public/lib_base/lib_sy_base/../../common/inc/lib_sy_base/s_list.h
copy to:/home/work/dynamic_git/public/lib_base/lib_sy_base/../../common/inc/lib_sy_base/singleton.h
copy to:/home/work/dynamic_git/public/lib_base/lib_sy_base/../../common/inc/lib_sy_base/auto_lock.h
copy to:/home/work/dynamic_git/public/lib_base/lib_sy_base/../../common/inc/lib_sy_base/s_deque.h
copy to:/home/work/dynamic_git/public/lib_base/lib_sy_base/../../common/inc/lib_sy_base/Imy_observer.h
copy to:/home/work/dynamic_git/public/lib_base/lib_sy_base/../../common/inc/lib_sy_base/Itask_manager.h
copy to:/home/work/dynamic_git/public/lib_base/lib_sy_base/../../common/inc/lib_sy_base/sy_base_def.h
copy to:/home/work/dynamic_git/public/lib_base/lib_sy_base/../../common/inc/lib_sy_base/sy_log.h
copy to:/home/work/dynamic_git/public/lib_base/lib_sy_base/../../common/inc/sy_base.h
copy to:/home/work/dynamic_git/public/lib_base/lib_sy_base/../../common/inc/lib_sy_base/sy_base_def.h
copy to:/home/work/dynamic_git/public/lib_base/lib_sy_base/../../common/lib64/lib_sy_base.a
copy to:/home/work/dynamic_git/public/lib_base/lib_sy_pt/../../common/inc/sy_pt.h
copy to:/home/work/dynamic_git/public/lib_base/lib_sy_pt/../../common/inc/lib_sy_pt/sy_pt_def.h
copy to:/home/work/dynamic_git/public/lib_base/lib_sy_pt/../../common/inc/lib_sy_pt/Imediate.h
copy to:/home/work/dynamic_git/public/lib_base/lib_sy_pt/../../common/inc/lib_sy_pt/signal_factory.h
copy to:/home/work/dynamic_git/public/lib_base/lib_sy_pt/../../common/inc/lib_sy_pt/msg_heart_beat.h
copy to:/home/work/dynamic_git/public/lib_base/lib_sy_pt/../../common/inc/lib_sy_pt/msg_user.h
copy to:/home/work/dynamic_git/public/lib_base/lib_sy_pt/../../common/inc/lib_sy_pt/signal_ack_base.h
copy to:/home/work/dynamic_git/public/lib_base/lib_sy_pt/../../common/inc/lib_sy_pt/signal_base.h
copy to:/home/work/dynamic_git/public/lib_base/lib_sy_pt/../../common/inc/lib_sy_pt/signal_file_2.h
copy to:/home/work/dynamic_git/public/lib_base/lib_sy_pt/../../common/inc/lib_sy_pt/signal_group.h
copy to:/home/work/dynamic_git/public/lib_base/lib_sy_pt/../../common/inc/lib_sy_pt/signal_group_rev.h
copy to:/home/work/dynamic_git/public/lib_base/lib_sy_pt/../../common/inc/lib_sy_pt/signal_heart_beat.h
copy to:/home/work/dynamic_git/public/lib_base/lib_sy_pt/../../common/inc/lib_sy_pt/signal_point.h
copy to:/home/work/dynamic_git/public/lib_base/lib_sy_pt/../../common/inc/lib_sy_pt/signal_point_r.h
copy to:/home/work/dynamic_git/public/lib_base/lib_sy_pt/../../common/inc/lib_sy_pt/signal_register.h
copy to:/home/work/dynamic_git/public/lib_base/lib_sy_pt/../../common/inc/lib_sy_pt/signal_user_define.h
copy to:/home/work/dynamic_git/public/lib_base/lib_sy_pt/../../common/inc/lib_sy_pt/signal_system_log.h
copy to:/home/work/dynamic_git/public/lib_base/lib_sy_pt/../../common/lib64/lib_sy_pt.a
copy to:/home/work/dynamic_git/public/lib_base/lib_sy_net/../../common/dll/lib_sy_net.so
[root@localhost lib_base]# rm ../common/inc/lib_sy_pt.h 
rm: remove regular file ‘../common/inc/lib_sy_pt.h’? y
[root@localhost lib_base]# ls
bin  cpcm.sh  lib_sy_base  lib_sy_net  lib_sy_pt  test_client  test_server
[root@localhost lib_base]# ./cpcm.sh 
copy to:/home/work/dynamic_git/public/lib_base/lib_sy_base/../../common/inc/lib_sy_base/crc32.h
copy to:/home/work/dynamic_git/public/lib_base/lib_sy_base/../../common/inc/lib_sy_base/my_tools.h
copy to:/home/work/dynamic_git/public/lib_base/lib_sy_base/../../common/inc/lib_sy_base/s_map.h
copy to:/home/work/dynamic_git/public/lib_base/lib_sy_base/../../common/inc/lib_sy_base/s_list.h
copy to:/home/work/dynamic_git/public/lib_base/lib_sy_base/../../common/inc/lib_sy_base/singleton.h
copy to:/home/work/dynamic_git/public/lib_base/lib_sy_base/../../common/inc/lib_sy_base/auto_lock.h
copy to:/home/work/dynamic_git/public/lib_base/lib_sy_base/../../common/inc/lib_sy_base/s_deque.h
copy to:/home/work/dynamic_git/public/lib_base/lib_sy_base/../../common/inc/lib_sy_base/Imy_observer.h
copy to:/home/work/dynamic_git/public/lib_base/lib_sy_base/../../common/inc/lib_sy_base/Itask_manager.h
copy to:/home/work/dynamic_git/public/lib_base/lib_sy_base/../../common/inc/lib_sy_base/sy_base_def.h
copy to:/home/work/dynamic_git/public/lib_base/lib_sy_base/../../common/inc/lib_sy_base/sy_log.h
copy to:/home/work/dynamic_git/public/lib_base/lib_sy_base/../../common/inc/sy_base.h
copy to:/home/work/dynamic_git/public/lib_base/lib_sy_base/../../common/inc/lib_sy_base/sy_base_def.h
copy to:/home/work/dynamic_git/public/lib_base/lib_sy_base/../../common/lib64/lib_sy_base.a
copy to:/home/work/dynamic_git/public/lib_base/lib_sy_pt/../../common/inc/sy_pt.h
copy to:/home/work/dynamic_git/public/lib_base/lib_sy_pt/../../common/inc/lib_sy_pt/sy_pt_def.h
copy to:/home/work/dynamic_git/public/lib_base/lib_sy_pt/../../common/inc/lib_sy_pt/Imediate.h
copy to:/home/work/dynamic_git/public/lib_base/lib_sy_pt/../../common/inc/lib_sy_pt/signal_factory.h
copy to:/home/work/dynamic_git/public/lib_base/lib_sy_pt/../../common/inc/lib_sy_pt/msg_heart_beat.h
copy to:/home/work/dynamic_git/public/lib_base/lib_sy_pt/../../common/inc/lib_sy_pt/msg_user.h
copy to:/home/work/dynamic_git/public/lib_base/lib_sy_pt/../../common/inc/lib_sy_pt/signal_ack_base.h
copy to:/home/work/dynamic_git/public/lib_base/lib_sy_pt/../../common/inc/lib_sy_pt/signal_base.h
copy to:/home/work/dynamic_git/public/lib_base/lib_sy_pt/../../common/inc/lib_sy_pt/signal_file_2.h
copy to:/home/work/dynamic_git/public/lib_base/lib_sy_pt/../../common/inc/lib_sy_pt/signal_group.h
copy to:/home/work/dynamic_git/public/lib_base/lib_sy_pt/../../common/inc/lib_sy_pt/signal_group_rev.h
copy to:/home/work/dynamic_git/public/lib_base/lib_sy_pt/../../common/inc/lib_sy_pt/signal_heart_beat.h
copy to:/home/work/dynamic_git/public/lib_base/lib_sy_pt/../../common/inc/lib_sy_pt/signal_point.h
copy to:/home/work/dynamic_git/public/lib_base/lib_sy_pt/../../common/inc/lib_sy_pt/signal_point_r.h
copy to:/home/work/dynamic_git/public/lib_base/lib_sy_pt/../../common/inc/lib_sy_pt/signal_register.h
copy to:/home/work/dynamic_git/public/lib_base/lib_sy_pt/../../common/inc/lib_sy_pt/signal_user_define.h
copy to:/home/work/dynamic_git/public/lib_base/lib_sy_pt/../../common/inc/lib_sy_pt/signal_system_log.h
copy to:/home/work/dynamic_git/public/lib_base/lib_sy_pt/../../common/lib64/lib_sy_pt.a
copy to:/home/work/dynamic_git/public/lib_base/lib_sy_net/../../common/dll/lib_sy_net.so
[root@localhost lib_base]# ls ../common/inc
boost  boost_ptr.h  lib_sy_base  lib_sy_pt  sy_base.h  sy_pt.h
[root@localhost lib_base]# ls
bin  cpcm.sh  lib_sy_base  lib_sy_net  lib_sy_pt  test_client  test_server
[root@localhost lib_base]# ./cpcm.sh 
copy to:/home/work/dynamic_git/public/lib_base/lib_sy_base/../../common/inc/lib_sy_base/crc32.h
copy to:/home/work/dynamic_git/public/lib_base/lib_sy_base/../../common/inc/lib_sy_base/my_tools.h
copy to:/home/work/dynamic_git/public/lib_base/lib_sy_base/../../common/inc/lib_sy_base/s_map.h
copy to:/home/work/dynamic_git/public/lib_base/lib_sy_base/../../common/inc/lib_sy_base/s_list.h
copy to:/home/work/dynamic_git/public/lib_base/lib_sy_base/../../common/inc/lib_sy_base/singleton.h
copy to:/home/work/dynamic_git/public/lib_base/lib_sy_base/../../common/inc/lib_sy_base/auto_lock.h
copy to:/home/work/dynamic_git/public/lib_base/lib_sy_base/../../common/inc/lib_sy_base/s_deque.h
copy to:/home/work/dynamic_git/public/lib_base/lib_sy_base/../../common/inc/lib_sy_base/Imy_observer.h
copy to:/home/work/dynamic_git/public/lib_base/lib_sy_base/../../common/inc/lib_sy_base/Itask_manager.h
copy to:/home/work/dynamic_git/public/lib_base/lib_sy_base/../../common/inc/lib_sy_base/sy_base_def.h
copy to:/home/work/dynamic_git/public/lib_base/lib_sy_base/../../common/inc/lib_sy_base/sy_log.h
copy to:/home/work/dynamic_git/public/lib_base/lib_sy_base/../../common/inc/sy_base.h
copy to:/home/work/dynamic_git/public/lib_base/lib_sy_base/../../common/inc/lib_sy_base/sy_base_def.h
copy to:/home/work/dynamic_git/public/lib_base/lib_sy_base/../../common/lib64/lib_sy_base.a
copy to:/home/work/dynamic_git/public/lib_base/lib_sy_pt/../../common/inc/sy_pt.h
copy to:/home/work/dynamic_git/public/lib_base/lib_sy_pt/../../common/inc/lib_sy_pt/sy_pt_def.h
copy to:/home/work/dynamic_git/public/lib_base/lib_sy_pt/../../common/inc/lib_sy_pt/Imediate.h
copy to:/home/work/dynamic_git/public/lib_base/lib_sy_pt/../../common/inc/lib_sy_pt/signal_factory.h
copy to:/home/work/dynamic_git/public/lib_base/lib_sy_pt/../../common/inc/lib_sy_pt/msg_heart_beat.h
copy to:/home/work/dynamic_git/public/lib_base/lib_sy_pt/../../common/inc/lib_sy_pt/msg_user.h
copy to:/home/work/dynamic_git/public/lib_base/lib_sy_pt/../../common/inc/lib_sy_pt/signal_ack_base.h
copy to:/home/work/dynamic_git/public/lib_base/lib_sy_pt/../../common/inc/lib_sy_pt/signal_base.h
copy to:/home/work/dynamic_git/public/lib_base/lib_sy_pt/../../common/inc/lib_sy_pt/signal_file_2.h
copy to:/home/work/dynamic_git/public/lib_base/lib_sy_pt/../../common/inc/lib_sy_pt/signal_group.h
copy to:/home/work/dynamic_git/public/lib_base/lib_sy_pt/../../common/inc/lib_sy_pt/signal_group_rev.h
copy to:/home/work/dynamic_git/public/lib_base/lib_sy_pt/../../common/inc/lib_sy_pt/signal_heart_beat.h
copy to:/home/work/dynamic_git/public/lib_base/lib_sy_pt/../../common/inc/lib_sy_pt/signal_point.h
copy to:/home/work/dynamic_git/public/lib_base/lib_sy_pt/../../common/inc/lib_sy_pt/signal_point_r.h
copy to:/home/work/dynamic_git/public/lib_base/lib_sy_pt/../../common/inc/lib_sy_pt/signal_register.h
copy to:/home/work/dynamic_git/public/lib_base/lib_sy_pt/../../common/inc/lib_sy_pt/signal_user_define.h
copy to:/home/work/dynamic_git/public/lib_base/lib_sy_pt/../../common/inc/lib_sy_pt/signal_system_log.h
copy to:/home/work/dynamic_git/public/lib_base/lib_sy_pt/../../common/lib64/lib_sy_pt.a
copy to:/home/work/dynamic_git/public/lib_base/lib_sy_net/../../common/dll/lib_sy_net.so
[root@localhost lib_base]#ls 
[root@localhost lib_base]# cls
bash: cls: command not found...
[root@localhost lib_base]# cd ..
[root@localhost public]# ls
common	lib_base
[root@localhost public]# pwd
/home/work/dynamic_git/public
[root@localhost public]# ls
common	lib_base
[root@localhost public]# cd lib_base/
[root@localhost lib_base]# ls
bin  cpcm.sh  lib_sy_base  lib_sy_net  lib_sy_pt  test_client  test_server
[root@localhost lib_base]# ./cpcm.sh 
copy to:/home/work/dynamic_git/public/lib_base/lib_sy_base/../../common/inc/lib_sy_base/crc32.h
copy to:/home/work/dynamic_git/public/lib_base/lib_sy_base/../../common/inc/lib_sy_base/my_tools.h
copy to:/home/work/dynamic_git/public/lib_base/lib_sy_base/../../common/inc/lib_sy_base/s_map.h
copy to:/home/work/dynamic_git/public/lib_base/lib_sy_base/../../common/inc/lib_sy_base/s_list.h
copy to:/home/work/dynamic_git/public/lib_base/lib_sy_base/../../common/inc/lib_sy_base/singleton.h
copy to:/home/work/dynamic_git/public/lib_base/lib_sy_base/../../common/inc/lib_sy_base/auto_lock.h
copy to:/home/work/dynamic_git/public/lib_base/lib_sy_base/../../common/inc/lib_sy_base/s_deque.h
copy to:/home/work/dynamic_git/public/lib_base/lib_sy_base/../../common/inc/lib_sy_base/Imy_observer.h
copy to:/home/work/dynamic_git/public/lib_base/lib_sy_base/../../common/inc/lib_sy_base/Itask_manager.h
copy to:/home/work/dynamic_git/public/lib_base/lib_sy_base/../../common/inc/lib_sy_base/sy_base_def.h
copy to:/home/work/dynamic_git/public/lib_base/lib_sy_base/../../common/inc/lib_sy_base/sy_log.h
copy to:/home/work/dynamic_git/public/lib_base/lib_sy_base/../../common/inc/sy_base.h
copy to:/home/work/dynamic_git/public/lib_base/lib_sy_base/../../common/inc/lib_sy_base/sy_base_def.h
copy to:/home/work/dynamic_git/public/lib_base/lib_sy_base/../../common/lib64/lib_sy_base.a
copy to:/home/work/dynamic_git/public/lib_base/lib_sy_pt/../../common/inc/sy_pt.h
copy to:/home/work/dynamic_git/public/lib_base/lib_sy_pt/../../common/inc/lib_sy_pt/sy_pt_def.h
copy to:/home/work/dynamic_git/public/lib_base/lib_sy_pt/../../common/inc/lib_sy_pt/Imediate.h
copy to:/home/work/dynamic_git/public/lib_base/lib_sy_pt/../../common/inc/lib_sy_pt/signal_factory.h
copy to:/home/work/dynamic_git/public/lib_base/lib_sy_pt/../../common/inc/lib_sy_pt/msg_heart_beat.h
copy to:/home/work/dynamic_git/public/lib_base/lib_sy_pt/../../common/inc/lib_sy_pt/msg_user.h
copy to:/home/work/dynamic_git/public/lib_base/lib_sy_pt/../../common/inc/lib_sy_pt/signal_ack_base.h
copy to:/home/work/dynamic_git/public/lib_base/lib_sy_pt/../../common/inc/lib_sy_pt/signal_base.h
copy to:/home/work/dynamic_git/public/lib_base/lib_sy_pt/../../common/inc/lib_sy_pt/signal_file_2.h
copy to:/home/work/dynamic_git/public/lib_base/lib_sy_pt/../../common/inc/lib_sy_pt/signal_group.h
copy to:/home/work/dynamic_git/public/lib_base/lib_sy_pt/../../common/inc/lib_sy_pt/signal_group_rev.h
copy to:/home/work/dynamic_git/public/lib_base/lib_sy_pt/../../common/inc/lib_sy_pt/signal_heart_beat.h
copy to:/home/work/dynamic_git/public/lib_base/lib_sy_pt/../../common/inc/lib_sy_pt/signal_point.h
copy to:/home/work/dynamic_git/public/lib_base/lib_sy_pt/../../common/inc/lib_sy_pt/signal_point_r.h
copy to:/home/work/dynamic_git/public/lib_base/lib_sy_pt/../../common/inc/lib_sy_pt/signal_register.h
copy to:/home/work/dynamic_git/public/lib_base/lib_sy_pt/../../common/inc/lib_sy_pt/signal_user_define.h
copy to:/home/work/dynamic_git/public/lib_base/lib_sy_pt/../../common/inc/lib_sy_pt/signal_system_log.h
copy to:/home/work/dynamic_git/public/lib_base/lib_sy_pt/../../common/lib64/lib_sy_pt.a
copy to:/home/work/dynamic_git/public/lib_base/lib_sy_net/../../common/dll/lib_sy_net.so
[root@localhost lib_base]# ./cpcm.sh 
copy to:/home/work/dynamic_git/public/lib_base/lib_sy_base/../../common/inc/lib_sy_base/crc32.h
copy to:/home/work/dynamic_git/public/lib_base/lib_sy_base/../../common/inc/lib_sy_base/my_tools.h
copy to:/home/work/dynamic_git/public/lib_base/lib_sy_base/../../common/inc/lib_sy_base/s_map.h
copy to:/home/work/dynamic_git/public/lib_base/lib_sy_base/../../common/inc/lib_sy_base/s_list.h
copy to:/home/work/dynamic_git/public/lib_base/lib_sy_base/../../common/inc/lib_sy_base/singleton.h
copy to:/home/work/dynamic_git/public/lib_base/lib_sy_base/../../common/inc/lib_sy_base/auto_lock.h
copy to:/home/work/dynamic_git/public/lib_base/lib_sy_base/../../common/inc/lib_sy_base/s_deque.h
copy to:/home/work/dynamic_git/public/lib_base/lib_sy_base/../../common/inc/lib_sy_base/Imy_observer.h
copy to:/home/work/dynamic_git/public/lib_base/lib_sy_base/../../common/inc/lib_sy_base/Itask_manager.h
copy to:/home/work/dynamic_git/public/lib_base/lib_sy_base/../../common/inc/lib_sy_base/sy_base_def.h
copy to:/home/work/dynamic_git/public/lib_base/lib_sy_base/../../common/inc/lib_sy_base/sy_log.h
copy to:/home/work/dynamic_git/public/lib_base/lib_sy_base/../../common/inc/sy_base.h
copy to:/home/work/dynamic_git/public/lib_base/lib_sy_base/../../common/inc/lib_sy_base/sy_base_def.h
copy to:/home/work/dynamic_git/public/lib_base/lib_sy_base/../../common/lib64/lib_sy_base.a
copy to:/home/work/dynamic_git/public/lib_base/lib_sy_pt/../../common/inc/sy_pt.h
copy to:/home/work/dynamic_git/public/lib_base/lib_sy_pt/../../common/inc/lib_sy_pt/sy_pt_def.h
copy to:/home/work/dynamic_git/public/lib_base/lib_sy_pt/../../common/inc/lib_sy_pt/Imediate.h
copy to:/home/work/dynamic_git/public/lib_base/lib_sy_pt/../../common/inc/lib_sy_pt/signal_factory.h
copy to:/home/work/dynamic_git/public/lib_base/lib_sy_pt/../../common/inc/lib_sy_pt/msg_heart_beat.h
copy to:/home/work/dynamic_git/public/lib_base/lib_sy_pt/../../common/inc/lib_sy_pt/msg_user.h
copy to:/home/work/dynamic_git/public/lib_base/lib_sy_pt/../../common/inc/lib_sy_pt/signal_ack_base.h
copy to:/home/work/dynamic_git/public/lib_base/lib_sy_pt/../../common/inc/lib_sy_pt/signal_base.h
copy to:/home/work/dynamic_git/public/lib_base/lib_sy_pt/../../common/inc/lib_sy_pt/signal_file_2.h
copy to:/home/work/dynamic_git/public/lib_base/lib_sy_pt/../../common/inc/lib_sy_pt/signal_group.h
copy to:/home/work/dynamic_git/public/lib_base/lib_sy_pt/../../common/inc/lib_sy_pt/signal_group_rev.h
copy to:/home/work/dynamic_git/public/lib_base/lib_sy_pt/../../common/inc/lib_sy_pt/signal_heart_beat.h
copy to:/home/work/dynamic_git/public/lib_base/lib_sy_pt/../../common/inc/lib_sy_pt/signal_point.h
copy to:/home/work/dynamic_git/public/lib_base/lib_sy_pt/../../common/inc/lib_sy_pt/signal_point_r.h
copy to:/home/work/dynamic_git/public/lib_base/lib_sy_pt/../../common/inc/lib_sy_pt/signal_register.h
copy to:/home/work/dynamic_git/public/lib_base/lib_sy_pt/../../common/inc/lib_sy_pt/signal_user_define.h
copy to:/home/work/dynamic_git/public/lib_base/lib_sy_pt/../../common/inc/lib_sy_pt/signal_system_log.h
copy to:/home/work/dynamic_git/public/lib_base/lib_sy_pt/../../common/lib64/lib_sy_pt.a
copy to:/home/work/dynamic_git/public/lib_base/lib_sy_net/../../common/dll/lib_sy_net.so
[root@localhost lib_base]# nautilus bin&
[2] 29640
[root@localhost lib_base]# ls
bin  cpcm.sh  lib_sy_base  lib_sy_net  lib_sy_pt  test_client  test_server
[2]+  Done                    nautilus bin
[root@localhost lib_base]# ./cpcm.sh 
copy to:/home/work/dynamic_git/public/lib_base/lib_sy_base/../../common/inc/lib_sy_base/crc32.h
copy to:/home/work/dynamic_git/public/lib_base/lib_sy_base/../../common/inc/lib_sy_base/my_tools.h
copy to:/home/work/dynamic_git/public/lib_base/lib_sy_base/../../common/inc/lib_sy_base/s_map.h
copy to:/home/work/dynamic_git/public/lib_base/lib_sy_base/../../common/inc/lib_sy_base/s_list.h
copy to:/home/work/dynamic_git/public/lib_base/lib_sy_base/../../common/inc/lib_sy_base/singleton.h
copy to:/home/work/dynamic_git/public/lib_base/lib_sy_base/../../common/inc/lib_sy_base/auto_lock.h
copy to:/home/work/dynamic_git/public/lib_base/lib_sy_base/../../common/inc/lib_sy_base/s_deque.h
copy to:/home/work/dynamic_git/public/lib_base/lib_sy_base/../../common/inc/lib_sy_base/Imy_observer.h
copy to:/home/work/dynamic_git/public/lib_base/lib_sy_base/../../common/inc/lib_sy_base/Itask_manager.h
copy to:/home/work/dynamic_git/public/lib_base/lib_sy_base/../../common/inc/lib_sy_base/sy_base_def.h
copy to:/home/work/dynamic_git/public/lib_base/lib_sy_base/../../common/inc/lib_sy_base/sy_log.h
copy to:/home/work/dynamic_git/public/lib_base/lib_sy_base/../../common/inc/sy_base.h
copy to:/home/work/dynamic_git/public/lib_base/lib_sy_base/../../common/inc/lib_sy_base/sy_base_def.h
copy to:/home/work/dynamic_git/public/lib_base/lib_sy_base/../../common/lib64/lib_sy_base.a
copy to:/home/work/dynamic_git/public/lib_base/lib_sy_pt/../../common/inc/sy_pt.h
copy to:/home/work/dynamic_git/public/lib_base/lib_sy_pt/../../common/inc/lib_sy_pt/sy_pt_def.h
copy to:/home/work/dynamic_git/public/lib_base/lib_sy_pt/../../common/inc/lib_sy_pt/Imediate.h
copy to:/home/work/dynamic_git/public/lib_base/lib_sy_pt/../../common/inc/lib_sy_pt/signal_factory.h
copy to:/home/work/dynamic_git/public/lib_base/lib_sy_pt/../../common/inc/lib_sy_pt/msg_heart_beat.h
copy to:/home/work/dynamic_git/public/lib_base/lib_sy_pt/../../common/inc/lib_sy_pt/msg_user.h
copy to:/home/work/dynamic_git/public/lib_base/lib_sy_pt/../../common/inc/lib_sy_pt/signal_ack_base.h
copy to:/home/work/dynamic_git/public/lib_base/lib_sy_pt/../../common/inc/lib_sy_pt/signal_base.h
copy to:/home/work/dynamic_git/public/lib_base/lib_sy_pt/../../common/inc/lib_sy_pt/signal_file_2.h
copy to:/home/work/dynamic_git/public/lib_base/lib_sy_pt/../../common/inc/lib_sy_pt/signal_group.h
copy to:/home/work/dynamic_git/public/lib_base/lib_sy_pt/../../common/inc/lib_sy_pt/signal_group_rev.h
copy to:/home/work/dynamic_git/public/lib_base/lib_sy_pt/../../common/inc/lib_sy_pt/signal_heart_beat.h
copy to:/home/work/dynamic_git/public/lib_base/lib_sy_pt/../../common/inc/lib_sy_pt/signal_point.h
copy to:/home/work/dynamic_git/public/lib_base/lib_sy_pt/../../common/inc/lib_sy_pt/signal_point_r.h
copy to:/home/work/dynamic_git/public/lib_base/lib_sy_pt/../../common/inc/lib_sy_pt/signal_register.h
copy to:/home/work/dynamic_git/public/lib_base/lib_sy_pt/../../common/inc/lib_sy_pt/signal_user_define.h
copy to:/home/work/dynamic_git/public/lib_base/lib_sy_pt/../../common/inc/lib_sy_pt/signal_system_log.h
copy to:/home/work/dynamic_git/public/lib_base/lib_sy_pt/../../common/lib64/lib_sy_pt.a
Traceback (most recent call last):
  File "cp2common.py", line 43, in <module>
    copy_file("../bin/lib_sy_pt/liblib_sy_pt.a", "../../common/lib64/lib_sy_pt.a")
  File "cp2common.py", line 9, in copy_file
    shutil.copyfile(cur_path + src, cur_path + dest)
  File "/usr/lib64/python2.7/shutil.py", line 82, in copyfile
    with open(src, 'rb') as fsrc:
IOError: [Errno 2] No such file or directory: '/home/work/dynamic_git/public/lib_base/lib_sy_pt/../bin/lib_sy_pt/liblib_sy_pt.a'
copy to:/home/work/dynamic_git/public/lib_base/lib_sy_net/../../common/dll/lib_sy_net.so
copy to:/home/work/dynamic_git/public/lib_base/lib_sy_net/../bin/test_client/lib_sy_net.so
[root@localhost lib_base]# ls
bin  cpcm.sh  lib_sy_base  lib_sy_net  lib_sy_pt  test_client  test_server
[root@localhost lib_base]# touch /home/work/dynamic_git/public/lib_base/bin/test_client/lib_sy_net.so
[root@localhost lib_base]#  touch /home/work/dynamic_git/public/lib_base/bin/test_client/lib_sy_net.so
[root@localhost lib_base]#  touch /home/work/dynamic_git/public/lib_base/bin/test_client/lib_sy_net.so
[root@localhost lib_base]# 
[root@localhost lib_base]# ls
bin							 lib_sy_pt
build-test_dynamic_so-Desktop_Qt_5_10_1_GCC_64bit-Debug  test_client
cpcm.sh							 test_dynamic_so
lib_sy_base						 test_server
lib_sy_net
[root@localhost lib_base]# ls
bin							 lib_sy_pt
build-test_dynamic_so-Desktop_Qt_5_10_1_GCC_64bit-Debug  test_client
cpcm.sh							 test_dynamic_so
lib_sy_base						 test_server
lib_sy_net
[1]+  Done                    emacs
[root@localhost lib_base]# 
[root@localhost lib_base]# 
[root@localhost lib_base]# ./b2 link=shared
bash: ./b2: No such file or directory
[root@localhost lib_base]# ls
bin							 lib_sy_pt
build-test_dynamic_so-Desktop_Qt_5_10_1_GCC_64bit-Debug  test_client
cpcm.sh							 test_dynamic_so
lib_sy_base						 test_server
lib_sy_net
[root@localhost lib_base]# cd /home/library/github_aq/learn/cpp/
[root@localhost cpp]# ls
future.cpp  rttf.cpp  rttf.cpp~
[root@localhost cpp]# g++ -o rf rttf.cpp
In file included from /usr/local/include/c++/6.1.0/backward/hash_map:60:0,
                 from rttf.cpp:2:
/usr/local/include/c++/6.1.0/backward/backward_warning.h:32:2: warning: #warning This file includes at least one deprecated or antiquated header which may be removed without further notice at a future date. Please use a non-deprecated interface with equivalent functionality instead. For a listing of replacement headers and interfaces, consult the file backward_warning.h. To disable this warning use -Wno-deprecated. [-Wcpp]
 #warning \
  ^~~~~~~
[root@localhost cpp]# g++ -o rf -rttf.cpp
g++: error: unrecognized command line option ‘-rttf.cpp’
g++: fatal error: no input files
compilation terminated.
[root@localhost cpp]# g++ -o rf rttf.cpp
[root@localhost cpp]# ls
future.cpp  rf	rttf.cpp  rttf.cpp~  *shell*
[root@localhost cpp]# ./rf 
I'm I1:vf1()
I'm I2:vf2()
I'm I2:vf2()
pI1 :0x787c20
pI2_1 (I2*):0x787c28
pI2_2:0x787c28
[root@localhost cpp]# g++  -fno-rtti -o rf rttf.cpp
[root@localhost cpp]# ls
future.cpp  rf	rttf.cpp  rttf.cpp~  *shell*
[root@localhost cpp]# ./rf
I'm I1:vf1()
I'm I2:vf2()
I'm I2:vf2()
pI1 :0x19dfc20
pI2_1 (I2*):0x19dfc28
pI2_2:0x19dfc28
[root@localhost cpp]# g++  -fno-rtti -o rf rttf.cpp
[root@localhost cpp]# ls
future.cpp  rf	rttf.cpp  rttf.cpp~  *shell*  #*shell*#
[root@localhost cpp]# ./rt
bash: ./rt: No such file or directory
[root@localhost cpp]# ls
future.cpp  rf	rttf.cpp  rttf.cpp~  *shell*  #*shell*#
[root@localhost cpp]# ./v
bash: ./v: No such file or directory
[root@localhost cpp]# ls
future.cpp  rf	rttf.cpp  rttf.cpp~  *shell*  #*shell*#  v.sh  v.sh~
[root@localhost cpp]# chmod +x v.sh
[root@localhost cpp]# ls
future.cpp  rf	rttf.cpp  rttf.cpp~  *shell*  #*shell*#  v.sh  v.sh~
[root@localhost cpp]# ./v.sh 
I'm I1:vf1()
I'm I2:vf2()
I'm I2:vf2()
cccc :0xb11c20
pI1 :0xb11c20
pI2_1 (I2*):0xb11c28
pI2_2:0xb11c28
[root@localhost cpp]# ./v.sh 
I'm I1:vf1()
I'm I2:vf2()
I'm I2:vf2()
cccc :0x2034c20
pI1 :0x2034c20
pI2_1 (I2*):0x2034c28
pI2_2:0x2034c28
[root@localhost cpp]# 
[root@localhost cpp]# ls
future.cpp  rf	#rttf.cpp#  rttf.cpp  rttf.cpp~  *shell*  #*shell*#  v.sh  v.sh~
[root@localhost cpp]# ls
future.cpp  rf	#rttf.cpp#  rttf.cpp  rttf.cpp~  *shell*  #*shell*#  v.sh  v.sh~
[root@localhost cpp]# ./v.sh 
I'm I1:vf1()
I'm I2:vf2()
I'm I2:vf2()
cccc :0x1ba1c20
pI1 :0x1ba1c20
pI2_1 (I2*):0x1ba1c28
pI2_2:0x1ba1c28
[root@localhost cpp]# ./v.sh
I'm I1:vf1()
I'm I2:vf2()
I'm I2:vf2()
cccc :0x20a0c20
pI1 :0x20a0c20
pI2_1 (I2*):0x20a0c28
pI2_2:0x20a0c28
[root@localhost cpp]# ./v
bash: ./v: No such file or directory
[root@localhost cpp]# ls
future.cpp  rf	#rttf.cpp#  rttf.cpp  rttf.cpp~  *shell*  #*shell*#  v.sh  v.sh~
[root@localhost cpp]# ./v.sh
I'm I1:vf1()
I'm I2:vf2()
I'm I2:vf2()
cccc :0x2330c20
pI1 :0x2330c20
pI2_1 (I2*):0x2330c28
pI2_2:0x2330c28
[root@localhost cpp]# 